{"content":"<h2 id=\"为什么要有-tag\" tabindex=\"-1\"><a class=\"header-anchor\" href=\"#为什么要有-tag\"><span>为什么要有 tag</span></a></h2>\n<p>发布一个版本时，我们通常先在版本库中打一个标签 (<code v-pre>tag</code>)，这样，就唯一确定了打标签时刻的版本。将来无论什么时候，取某个标签的版本，就是把那个打标签的时刻的历史版本取出来。所以，标签也是版本库的一个快照。</p>\n<p>Git 的标签虽然是版本库的快照，但其实它就是指向某个 <code v-pre>commit</code> 的指针(跟分支很像对不对? 但是分支可以移动，标签不能移动)，所以，创建和删除标签都是瞬间完成的。</p>\n<p>Git 有 <code v-pre>commit</code>，为什么还要引入 <code v-pre>tag</code>?</p>\n<p>“请把上周一的那个版本打包发布，<code v-pre>commit</code> 号是 6a5819e...”</p>\n<p>“一串乱七八糟的数字不好找! ”</p>\n<p>如果换一个办法:</p>\n<p>“请把上周一的那个版本打包发布，版本号是 <code v-pre>v1.2</code>”</p>\n<p>“好的，按照 <code v-pre>tag v1.2</code> 查找 <code v-pre>commit</code> 就行! ”</p>\n<p>所以，<code v-pre>tag</code> 就是一个让人容易记住的有意义的名字，它跟某个 <code v-pre>commit</code> 绑在一起。</p>\n<div class=\"hint-container tip\">\n<p class=\"hint-container-title\">提示</p>\n<p>推荐的标签规范是以小写字母 <code v-pre>v</code> 开头，后接 <code v-pre>x.x</code> 或 <code v-pre>x.x.x</code> 等若干位版本号。</p>\n</div>\n<h2 id=\"创建轻量标签\" tabindex=\"-1\"><a class=\"header-anchor\" href=\"#创建轻量标签\"><span>创建轻量标签</span></a></h2>\n<p>在 Git 中打标签非常简单，首先，切换到需要打标签的分支上:</p>\n<div class=\"language-sh\" data-highlighter=\"shiki\" data-ext=\"sh\" data-title=\"sh\" style=\"--shiki-light:#383A42;--shiki-dark:#abb2bf;--shiki-light-bg:#FAFAFA;--shiki-dark-bg:#282c34\"><pre v-pre class=\"shiki shiki-themes one-light one-dark-pro vp-code\"><code><span class=\"line\"><span style=\"--shiki-light:#4078F2;--shiki-dark:#61AFEF\">$</span><span style=\"--shiki-light:#50A14F;--shiki-dark:#98C379\"> git</span><span style=\"--shiki-light:#50A14F;--shiki-dark:#98C379\"> branch</span></span>\n<span class=\"line\"><span style=\"--shiki-light:#383A42;--shiki-dark:#ABB2BF\">* dev</span></span>\n<span class=\"line\"><span style=\"--shiki-light:#4078F2;--shiki-dark:#61AFEF\">  master</span></span>\n<span class=\"line\"><span style=\"--shiki-light:#4078F2;--shiki-dark:#61AFEF\">$</span><span style=\"--shiki-light:#50A14F;--shiki-dark:#98C379\"> git</span><span style=\"--shiki-light:#50A14F;--shiki-dark:#98C379\"> checkout</span><span style=\"--shiki-light:#50A14F;--shiki-dark:#98C379\"> master</span></span>\n<span class=\"line\"><span style=\"--shiki-light:#4078F2;--shiki-dark:#61AFEF\">Switched</span><span style=\"--shiki-light:#50A14F;--shiki-dark:#98C379\"> to</span><span style=\"--shiki-light:#50A14F;--shiki-dark:#98C379\"> branch</span><span style=\"--shiki-light:#50A14F;--shiki-dark:#98C379\"> 'master'</span></span></code></pre>\n</div><p>然后，敲命令 <code v-pre>git tag &lt;name&gt;</code> 就可以打一个新标签:</p>\n<div class=\"language-sh\" data-highlighter=\"shiki\" data-ext=\"sh\" data-title=\"sh\" style=\"--shiki-light:#383A42;--shiki-dark:#abb2bf;--shiki-light-bg:#FAFAFA;--shiki-dark-bg:#282c34\"><pre v-pre class=\"shiki shiki-themes one-light one-dark-pro vp-code\"><code><span class=\"line\"><span style=\"--shiki-light:#4078F2;--shiki-dark:#61AFEF\">$</span><span style=\"--shiki-light:#50A14F;--shiki-dark:#98C379\"> git</span><span style=\"--shiki-light:#50A14F;--shiki-dark:#98C379\"> tag</span><span style=\"--shiki-light:#50A14F;--shiki-dark:#98C379\"> v1.0</span></span>\n<span class=\"line\"><span style=\"--shiki-light:#4078F2;--shiki-dark:#61AFEF\">--</span><span style=\"--shiki-light:#50A14F;--shiki-dark:#98C379\"> no</span><span style=\"--shiki-light:#50A14F;--shiki-dark:#98C379\"> output</span><span style=\"--shiki-light:#986801;--shiki-dark:#D19A66\"> --</span></span></code></pre>\n</div><p>可以用命令 <code v-pre>git tag</code> 查看所有标签:</p>\n<div class=\"language-sh\" data-highlighter=\"shiki\" data-ext=\"sh\" data-title=\"sh\" style=\"--shiki-light:#383A42;--shiki-dark:#abb2bf;--shiki-light-bg:#FAFAFA;--shiki-dark-bg:#282c34\"><pre v-pre class=\"shiki shiki-themes one-light one-dark-pro vp-code\"><code><span class=\"line\"><span style=\"--shiki-light:#4078F2;--shiki-dark:#61AFEF\">$</span><span style=\"--shiki-light:#50A14F;--shiki-dark:#98C379\"> git</span><span style=\"--shiki-light:#50A14F;--shiki-dark:#98C379\"> tag</span></span>\n<span class=\"line\"><span style=\"--shiki-light:#4078F2;--shiki-dark:#61AFEF\">v1.0</span></span></code></pre>\n</div><p>默认标签是打在最新提交的 <code v-pre>commit</code> 上的。有时候，如果忘了打标签，比如，现在已经是周五了，但应该在周一打的标签没有打，怎么办?</p>\n<p>方法是找到历史提交的 <code v-pre>commit id</code>，然后打上就可以了:</p>\n<div class=\"language-sh line-numbers-mode\" data-highlighter=\"shiki\" data-ext=\"sh\" data-title=\"sh\" style=\"--shiki-light:#383A42;--shiki-dark:#abb2bf;--shiki-light-bg:#FAFAFA;--shiki-dark-bg:#282c34\"><pre v-pre class=\"shiki shiki-themes one-light one-dark-pro vp-code\"><code><span class=\"line\"><span style=\"--shiki-light:#4078F2;--shiki-dark:#61AFEF\">$</span><span style=\"--shiki-light:#50A14F;--shiki-dark:#98C379\"> git</span><span style=\"--shiki-light:#50A14F;--shiki-dark:#98C379\"> log</span><span style=\"--shiki-light:#986801;--shiki-dark:#D19A66\"> --pretty=oneline</span><span style=\"--shiki-light:#986801;--shiki-dark:#D19A66\"> --abbrev-commit</span></span>\n<span class=\"line\"><span style=\"--shiki-light:#4078F2;--shiki-dark:#61AFEF\">12a631b</span><span style=\"--shiki-light:#383A42;--shiki-dark:#ABB2BF\"> (HEAD -> </span><span style=\"--shiki-light:#50A14F;--shiki-dark:#98C379\">master,</span><span style=\"--shiki-light:#50A14F;--shiki-dark:#98C379\"> tag:</span><span style=\"--shiki-light:#50A14F;--shiki-dark:#98C379\"> v1.0,</span><span style=\"--shiki-light:#50A14F;--shiki-dark:#98C379\"> origin/master</span><span style=\"--shiki-light:#383A42;--shiki-dark:#ABB2BF\">) merged bug fix 101</span></span>\n<span class=\"line\"><span style=\"--shiki-light:#4078F2;--shiki-dark:#61AFEF\">4c805e2</span><span style=\"--shiki-light:#50A14F;--shiki-dark:#98C379\"> fix</span><span style=\"--shiki-light:#50A14F;--shiki-dark:#98C379\"> bug</span><span style=\"--shiki-light:#986801;--shiki-dark:#D19A66\"> 101</span></span>\n<span class=\"line\"><span style=\"--shiki-light:#4078F2;--shiki-dark:#61AFEF\">e1e9c68</span><span style=\"--shiki-light:#50A14F;--shiki-dark:#98C379\"> merge</span><span style=\"--shiki-light:#50A14F;--shiki-dark:#98C379\"> with</span><span style=\"--shiki-light:#50A14F;--shiki-dark:#98C379\"> no-ff</span></span>\n<span class=\"line\"><span style=\"--shiki-light:#4078F2;--shiki-dark:#61AFEF\">f52c633</span><span style=\"--shiki-light:#50A14F;--shiki-dark:#98C379\"> add</span><span style=\"--shiki-light:#50A14F;--shiki-dark:#98C379\"> merge</span></span>\n<span class=\"line\"><span style=\"--shiki-light:#4078F2;--shiki-dark:#61AFEF\">cf810e4</span><span style=\"--shiki-light:#50A14F;--shiki-dark:#98C379\"> conflict</span><span style=\"--shiki-light:#50A14F;--shiki-dark:#98C379\"> fixed</span></span>\n<span class=\"line\"><span style=\"--shiki-light:#4078F2;--shiki-dark:#61AFEF\">5dc6824</span><span style=\"--shiki-light:#383A42;--shiki-dark:#ABB2BF\"> &#x26; </span><span style=\"--shiki-light:#4078F2;--shiki-dark:#61AFEF\">simple</span></span>\n<span class=\"line\"><span style=\"--shiki-light:#4078F2;--shiki-dark:#61AFEF\">14096d0</span><span style=\"--shiki-light:#50A14F;--shiki-dark:#98C379\"> AND</span><span style=\"--shiki-light:#50A14F;--shiki-dark:#98C379\"> simple</span></span>\n<span class=\"line\"><span style=\"--shiki-light:#4078F2;--shiki-dark:#61AFEF\">b17d20e</span><span style=\"--shiki-light:#50A14F;--shiki-dark:#98C379\"> branch</span><span style=\"--shiki-light:#50A14F;--shiki-dark:#98C379\"> test</span></span>\n<span class=\"line\"><span style=\"--shiki-light:#4078F2;--shiki-dark:#61AFEF\">d46f35e</span><span style=\"--shiki-light:#50A14F;--shiki-dark:#98C379\"> remove</span><span style=\"--shiki-light:#50A14F;--shiki-dark:#98C379\"> test.txt</span></span>\n<span class=\"line\"><span style=\"--shiki-light:#4078F2;--shiki-dark:#61AFEF\">b84166e</span><span style=\"--shiki-light:#50A14F;--shiki-dark:#98C379\"> add</span><span style=\"--shiki-light:#50A14F;--shiki-dark:#98C379\"> test.txt</span></span>\n<span class=\"line\"><span style=\"--shiki-light:#4078F2;--shiki-dark:#61AFEF\">519219b</span><span style=\"--shiki-light:#50A14F;--shiki-dark:#98C379\"> git</span><span style=\"--shiki-light:#50A14F;--shiki-dark:#98C379\"> tracks</span><span style=\"--shiki-light:#50A14F;--shiki-dark:#98C379\"> changes</span></span>\n<span class=\"line\"><span style=\"--shiki-light:#4078F2;--shiki-dark:#61AFEF\">e43a48b</span><span style=\"--shiki-light:#50A14F;--shiki-dark:#98C379\"> understand</span><span style=\"--shiki-light:#50A14F;--shiki-dark:#98C379\"> how</span><span style=\"--shiki-light:#50A14F;--shiki-dark:#98C379\"> stage</span><span style=\"--shiki-light:#50A14F;--shiki-dark:#98C379\"> works</span></span>\n<span class=\"line\"><span style=\"--shiki-light:#4078F2;--shiki-dark:#61AFEF\">1094adb</span><span style=\"--shiki-light:#50A14F;--shiki-dark:#98C379\"> append</span><span style=\"--shiki-light:#50A14F;--shiki-dark:#98C379\"> GPL</span></span>\n<span class=\"line\"><span style=\"--shiki-light:#4078F2;--shiki-dark:#61AFEF\">e475afc</span><span style=\"--shiki-light:#50A14F;--shiki-dark:#98C379\"> add</span><span style=\"--shiki-light:#50A14F;--shiki-dark:#98C379\"> distributed</span></span>\n<span class=\"line\"><span style=\"--shiki-light:#4078F2;--shiki-dark:#61AFEF\">eaadf4e</span><span style=\"--shiki-light:#50A14F;--shiki-dark:#98C379\"> wrote</span><span style=\"--shiki-light:#50A14F;--shiki-dark:#98C379\"> a</span><span style=\"--shiki-light:#50A14F;--shiki-dark:#98C379\"> readme</span><span style=\"--shiki-light:#50A14F;--shiki-dark:#98C379\"> file</span></span></code></pre>\n<div class=\"line-numbers\" aria-hidden=\"true\" style=\"counter-reset:line-number 0\"><div class=\"line-number\"></div><div class=\"line-number\"></div><div class=\"line-number\"></div><div class=\"line-number\"></div><div class=\"line-number\"></div><div class=\"line-number\"></div><div class=\"line-number\"></div><div class=\"line-number\"></div><div class=\"line-number\"></div><div class=\"line-number\"></div><div class=\"line-number\"></div><div class=\"line-number\"></div><div class=\"line-number\"></div><div class=\"line-number\"></div><div class=\"line-number\"></div><div class=\"line-number\"></div></div></div><p>比方说要对 <code v-pre>add merge</code> 这次提交打标签，它对应的 <code v-pre>commit id</code> 是 <code v-pre>f52c633</code>，敲入命令:</p>\n<div class=\"language-sh\" data-highlighter=\"shiki\" data-ext=\"sh\" data-title=\"sh\" style=\"--shiki-light:#383A42;--shiki-dark:#abb2bf;--shiki-light-bg:#FAFAFA;--shiki-dark-bg:#282c34\"><pre v-pre class=\"shiki shiki-themes one-light one-dark-pro vp-code\"><code><span class=\"line\"><span style=\"--shiki-light:#4078F2;--shiki-dark:#61AFEF\">$</span><span style=\"--shiki-light:#50A14F;--shiki-dark:#98C379\"> git</span><span style=\"--shiki-light:#50A14F;--shiki-dark:#98C379\"> tag</span><span style=\"--shiki-light:#50A14F;--shiki-dark:#98C379\"> v0.9</span><span style=\"--shiki-light:#50A14F;--shiki-dark:#98C379\"> f52c633</span></span>\n<span class=\"line\"><span style=\"--shiki-light:#4078F2;--shiki-dark:#61AFEF\">--no</span><span style=\"--shiki-light:#50A14F;--shiki-dark:#98C379\"> output</span><span style=\"--shiki-light:#986801;--shiki-dark:#D19A66\"> --</span></span></code></pre>\n</div><p>再用命令 <code v-pre>git tag</code> 查看标签:</p>\n<div class=\"language-sh\" data-highlighter=\"shiki\" data-ext=\"sh\" data-title=\"sh\" style=\"--shiki-light:#383A42;--shiki-dark:#abb2bf;--shiki-light-bg:#FAFAFA;--shiki-dark-bg:#282c34\"><pre v-pre class=\"shiki shiki-themes one-light one-dark-pro vp-code\"><code><span class=\"line\"><span style=\"--shiki-light:#4078F2;--shiki-dark:#61AFEF\">$</span><span style=\"--shiki-light:#50A14F;--shiki-dark:#98C379\"> git</span><span style=\"--shiki-light:#50A14F;--shiki-dark:#98C379\"> tag</span></span>\n<span class=\"line\"><span style=\"--shiki-light:#4078F2;--shiki-dark:#61AFEF\">v0.9</span></span>\n<span class=\"line\"><span style=\"--shiki-light:#4078F2;--shiki-dark:#61AFEF\">v1.0</span></span></code></pre>\n</div><p>注意，标签不是按时间顺序列出，而是按字母排序的。可以用 <code v-pre>git show &lt;tagname&gt;</code> 查看标签信息:</p>\n<div class=\"language-sh\" data-highlighter=\"shiki\" data-ext=\"sh\" data-title=\"sh\" style=\"--shiki-light:#383A42;--shiki-dark:#abb2bf;--shiki-light-bg:#FAFAFA;--shiki-dark-bg:#282c34\"><pre v-pre class=\"shiki shiki-themes one-light one-dark-pro vp-code\"><code><span class=\"line\"><span style=\"--shiki-light:#4078F2;--shiki-dark:#61AFEF\">$</span><span style=\"--shiki-light:#50A14F;--shiki-dark:#98C379\"> git</span><span style=\"--shiki-light:#50A14F;--shiki-dark:#98C379\"> show</span><span style=\"--shiki-light:#50A14F;--shiki-dark:#98C379\"> v0.9</span></span>\n<span class=\"line\"><span style=\"--shiki-light:#4078F2;--shiki-dark:#61AFEF\">commit</span><span style=\"--shiki-light:#50A14F;--shiki-dark:#98C379\"> f52c63349bc3c1593499807e5c8e972b82c8f286</span><span style=\"--shiki-light:#383A42;--shiki-dark:#ABB2BF\"> (tag: </span><span style=\"--shiki-light:#50A14F;--shiki-dark:#98C379\">v0.9</span><span style=\"--shiki-light:#383A42;--shiki-dark:#ABB2BF\">)</span></span>\n<span class=\"line\"><span style=\"--shiki-light:#4078F2;--shiki-dark:#61AFEF\">Author:</span><span style=\"--shiki-light:#50A14F;--shiki-dark:#98C379\"> Michael</span><span style=\"--shiki-light:#50A14F;--shiki-dark:#98C379\"> Liao</span><span style=\"--shiki-light:#383A42;--shiki-dark:#ABB2BF\"> &#x3C;</span><span style=\"--shiki-light:#50A14F;--shiki-dark:#98C379\">askxuefeng@gmail.co</span><span style=\"--shiki-light:#383A42;--shiki-dark:#ABB2BF\">m></span></span>\n<span class=\"line\"><span style=\"--shiki-light:#4078F2;--shiki-dark:#61AFEF\">Date:</span><span style=\"--shiki-light:#50A14F;--shiki-dark:#98C379\">   Fri</span><span style=\"--shiki-light:#50A14F;--shiki-dark:#98C379\"> May</span><span style=\"--shiki-light:#986801;--shiki-dark:#D19A66\"> 18</span><span style=\"--shiki-light:#50A14F;--shiki-dark:#98C379\"> 21:56:54</span><span style=\"--shiki-light:#986801;--shiki-dark:#D19A66\"> 2018</span><span style=\"--shiki-light:#50A14F;--shiki-dark:#98C379\"> +0800</span></span>\n<span class=\"line\"></span>\n<span class=\"line\"><span style=\"--shiki-light:#4078F2;--shiki-dark:#61AFEF\">    add</span><span style=\"--shiki-light:#50A14F;--shiki-dark:#98C379\"> merge</span></span>\n<span class=\"line\"></span>\n<span class=\"line\"><span style=\"--shiki-light:#4078F2;--shiki-dark:#61AFEF\">diff</span><span style=\"--shiki-light:#986801;--shiki-dark:#D19A66\"> --git</span><span style=\"--shiki-light:#50A14F;--shiki-dark:#98C379\"> a/readme.txt</span><span style=\"--shiki-light:#50A14F;--shiki-dark:#98C379\"> b/readme.txt</span></span>\n<span class=\"line\"><span style=\"--shiki-light:#0184BC;--shiki-dark:#56B6C2\">...</span></span></code></pre>\n</div><p>可以看到，<code v-pre>v0.9</code> 确实打在 <code v-pre>add merge</code> 这次提交上。</p>\n<h2 id=\"附注标签\" tabindex=\"-1\"><a class=\"header-anchor\" href=\"#附注标签\"><span>附注标签</span></a></h2>\n<p>Git 还可以创建带有说明的标签，用 <code v-pre>-a</code> 指定标签名，<code v-pre>-m</code> 指定说明文字:</p>\n<div class=\"language-sh\" data-highlighter=\"shiki\" data-ext=\"sh\" data-title=\"sh\" style=\"--shiki-light:#383A42;--shiki-dark:#abb2bf;--shiki-light-bg:#FAFAFA;--shiki-dark-bg:#282c34\"><pre v-pre class=\"shiki shiki-themes one-light one-dark-pro vp-code\"><code><span class=\"line\"><span style=\"--shiki-light:#4078F2;--shiki-dark:#61AFEF\">$</span><span style=\"--shiki-light:#50A14F;--shiki-dark:#98C379\"> git</span><span style=\"--shiki-light:#50A14F;--shiki-dark:#98C379\"> tag</span><span style=\"--shiki-light:#986801;--shiki-dark:#D19A66\"> -a</span><span style=\"--shiki-light:#50A14F;--shiki-dark:#98C379\"> v0.1</span><span style=\"--shiki-light:#986801;--shiki-dark:#D19A66\"> -m</span><span style=\"--shiki-light:#50A14F;--shiki-dark:#98C379\"> \"version 0.1 released\"</span><span style=\"--shiki-light:#50A14F;--shiki-dark:#98C379\"> 1094adb</span></span>\n<span class=\"line\"><span style=\"--shiki-light:#4078F2;--shiki-dark:#61AFEF\">--no</span><span style=\"--shiki-light:#50A14F;--shiki-dark:#98C379\"> output</span><span style=\"--shiki-light:#986801;--shiki-dark:#D19A66\"> --</span></span></code></pre>\n</div><p>用命令 <code v-pre>git show &lt;tagname&gt;</code> 可以看到说明文字:</p>\n<div class=\"language-sh line-numbers-mode\" data-highlighter=\"shiki\" data-ext=\"sh\" data-title=\"sh\" style=\"--shiki-light:#383A42;--shiki-dark:#abb2bf;--shiki-light-bg:#FAFAFA;--shiki-dark-bg:#282c34\"><pre v-pre class=\"shiki shiki-themes one-light one-dark-pro vp-code\"><code><span class=\"line\"><span style=\"--shiki-light:#4078F2;--shiki-dark:#61AFEF\">$</span><span style=\"--shiki-light:#50A14F;--shiki-dark:#98C379\"> git</span><span style=\"--shiki-light:#50A14F;--shiki-dark:#98C379\"> show</span><span style=\"--shiki-light:#50A14F;--shiki-dark:#98C379\"> v0.1</span></span>\n<span class=\"line\"><span style=\"--shiki-light:#4078F2;--shiki-dark:#61AFEF\">tag</span><span style=\"--shiki-light:#50A14F;--shiki-dark:#98C379\"> v0.1</span></span>\n<span class=\"line\"><span style=\"--shiki-light:#4078F2;--shiki-dark:#61AFEF\">Tagger:</span><span style=\"--shiki-light:#50A14F;--shiki-dark:#98C379\"> Michael</span><span style=\"--shiki-light:#50A14F;--shiki-dark:#98C379\"> Liao</span><span style=\"--shiki-light:#383A42;--shiki-dark:#ABB2BF\"> &#x3C;</span><span style=\"--shiki-light:#50A14F;--shiki-dark:#98C379\">askxuefeng@gmail.co</span><span style=\"--shiki-light:#383A42;--shiki-dark:#ABB2BF\">m></span></span>\n<span class=\"line\"><span style=\"--shiki-light:#4078F2;--shiki-dark:#61AFEF\">Date:</span><span style=\"--shiki-light:#50A14F;--shiki-dark:#98C379\">   Fri</span><span style=\"--shiki-light:#50A14F;--shiki-dark:#98C379\"> May</span><span style=\"--shiki-light:#986801;--shiki-dark:#D19A66\"> 18</span><span style=\"--shiki-light:#50A14F;--shiki-dark:#98C379\"> 22:48:43</span><span style=\"--shiki-light:#986801;--shiki-dark:#D19A66\"> 2018</span><span style=\"--shiki-light:#50A14F;--shiki-dark:#98C379\"> +0800</span></span>\n<span class=\"line\"></span>\n<span class=\"line\"><span style=\"--shiki-light:#4078F2;--shiki-dark:#61AFEF\">version</span><span style=\"--shiki-light:#986801;--shiki-dark:#D19A66\"> 0.1</span><span style=\"--shiki-light:#50A14F;--shiki-dark:#98C379\"> released</span></span>\n<span class=\"line\"></span>\n<span class=\"line\"><span style=\"--shiki-light:#4078F2;--shiki-dark:#61AFEF\">commit</span><span style=\"--shiki-light:#50A14F;--shiki-dark:#98C379\"> 1094adb7b9b3807259d8cb349e7df1d4d6477073</span><span style=\"--shiki-light:#383A42;--shiki-dark:#ABB2BF\"> (tag: </span><span style=\"--shiki-light:#50A14F;--shiki-dark:#98C379\">v0.1</span><span style=\"--shiki-light:#383A42;--shiki-dark:#ABB2BF\">)</span></span>\n<span class=\"line\"><span style=\"--shiki-light:#4078F2;--shiki-dark:#61AFEF\">Author:</span><span style=\"--shiki-light:#50A14F;--shiki-dark:#98C379\"> Michael</span><span style=\"--shiki-light:#50A14F;--shiki-dark:#98C379\"> Liao</span><span style=\"--shiki-light:#383A42;--shiki-dark:#ABB2BF\"> &#x3C;</span><span style=\"--shiki-light:#50A14F;--shiki-dark:#98C379\">askxuefeng@gmail.co</span><span style=\"--shiki-light:#383A42;--shiki-dark:#ABB2BF\">m></span></span>\n<span class=\"line\"><span style=\"--shiki-light:#4078F2;--shiki-dark:#61AFEF\">Date:</span><span style=\"--shiki-light:#50A14F;--shiki-dark:#98C379\">   Fri</span><span style=\"--shiki-light:#50A14F;--shiki-dark:#98C379\"> May</span><span style=\"--shiki-light:#986801;--shiki-dark:#D19A66\"> 18</span><span style=\"--shiki-light:#50A14F;--shiki-dark:#98C379\"> 21:06:15</span><span style=\"--shiki-light:#986801;--shiki-dark:#D19A66\"> 2018</span><span style=\"--shiki-light:#50A14F;--shiki-dark:#98C379\"> +0800</span></span>\n<span class=\"line\"></span>\n<span class=\"line\"><span style=\"--shiki-light:#4078F2;--shiki-dark:#61AFEF\">    append</span><span style=\"--shiki-light:#50A14F;--shiki-dark:#98C379\"> GPL</span></span>\n<span class=\"line\"></span>\n<span class=\"line\"><span style=\"--shiki-light:#4078F2;--shiki-dark:#61AFEF\">diff</span><span style=\"--shiki-light:#986801;--shiki-dark:#D19A66\"> --git</span><span style=\"--shiki-light:#50A14F;--shiki-dark:#98C379\"> a/readme.txt</span><span style=\"--shiki-light:#50A14F;--shiki-dark:#98C379\"> b/readme.txt</span></span>\n<span class=\"line\"><span style=\"--shiki-light:#0184BC;--shiki-dark:#56B6C2\">...</span></span></code></pre>\n<div class=\"line-numbers\" aria-hidden=\"true\" style=\"counter-reset:line-number 0\"><div class=\"line-number\"></div><div class=\"line-number\"></div><div class=\"line-number\"></div><div class=\"line-number\"></div><div class=\"line-number\"></div><div class=\"line-number\"></div><div class=\"line-number\"></div><div class=\"line-number\"></div><div class=\"line-number\"></div><div class=\"line-number\"></div><div class=\"line-number\"></div><div class=\"line-number\"></div><div class=\"line-number\"></div><div class=\"line-number\"></div><div class=\"line-number\"></div></div></div><div class=\"hint-container tip\">\n<p class=\"hint-container-title\">提示</p>\n<p>标签总是和某个 commit 挂钩。如果这个 commit 既出现在 master 分支，又出现在 dev 分支，那么在这两个分支上都可以看到这个标签。</p>\n</div>\n<h3 id=\"添加小结\" tabindex=\"-1\"><a class=\"header-anchor\" href=\"#添加小结\"><span>添加小结</span></a></h3>\n<p>命令 <code v-pre>git tag &lt;tagname&gt;</code> 用于新建一个标签，默认为 <code v-pre>HEAD</code>，也可以指定一个 <code v-pre>commit id</code>；</p>\n<p>命令 <code v-pre>git tag -a &lt;tagname&gt; -m &quot;blablabla...&quot;</code> 可以指定标签信息；</p>\n<p>命令 <code v-pre>git tag</code> 可以查看所有标签。</p>\n<h2 id=\"操作标签\" tabindex=\"-1\"><a class=\"header-anchor\" href=\"#操作标签\"><span>操作标签</span></a></h2>\n<p>如果标签打错了，也可以删除:</p>\n<div class=\"language-sh\" data-highlighter=\"shiki\" data-ext=\"sh\" data-title=\"sh\" style=\"--shiki-light:#383A42;--shiki-dark:#abb2bf;--shiki-light-bg:#FAFAFA;--shiki-dark-bg:#282c34\"><pre v-pre class=\"shiki shiki-themes one-light one-dark-pro vp-code\"><code><span class=\"line\"><span style=\"--shiki-light:#4078F2;--shiki-dark:#61AFEF\">$</span><span style=\"--shiki-light:#50A14F;--shiki-dark:#98C379\"> git</span><span style=\"--shiki-light:#50A14F;--shiki-dark:#98C379\"> tag</span><span style=\"--shiki-light:#986801;--shiki-dark:#D19A66\"> -d</span><span style=\"--shiki-light:#50A14F;--shiki-dark:#98C379\"> v0.1</span></span>\n<span class=\"line\"><span style=\"--shiki-light:#4078F2;--shiki-dark:#61AFEF\">Deleted</span><span style=\"--shiki-light:#50A14F;--shiki-dark:#98C379\"> tag</span><span style=\"--shiki-light:#50A14F;--shiki-dark:#98C379\"> 'v0.1'</span><span style=\"--shiki-light:#383A42;--shiki-dark:#ABB2BF\"> (was </span><span style=\"--shiki-light:#50A14F;--shiki-dark:#98C379\">f15b0dd</span><span style=\"--shiki-light:#383A42;--shiki-dark:#ABB2BF\">)</span><span style=\"--shiki-light:#0184BC;--shiki-dark:#56B6C2\">\\</span></span></code></pre>\n</div><p>因为创建的标签都只存储在本地，不会自动推送到远程。所以，打错的标签可以在本地安全删除。</p>\n<p>如果要推送某个标签到远程，使用命令 <code v-pre>git push origin &lt;tagname&gt;</code>:</p>\n<div class=\"language-sh\" data-highlighter=\"shiki\" data-ext=\"sh\" data-title=\"sh\" style=\"--shiki-light:#383A42;--shiki-dark:#abb2bf;--shiki-light-bg:#FAFAFA;--shiki-dark-bg:#282c34\"><pre v-pre class=\"shiki shiki-themes one-light one-dark-pro vp-code\"><code><span class=\"line\"><span style=\"--shiki-light:#4078F2;--shiki-dark:#61AFEF\">$</span><span style=\"--shiki-light:#50A14F;--shiki-dark:#98C379\"> git</span><span style=\"--shiki-light:#50A14F;--shiki-dark:#98C379\"> push</span><span style=\"--shiki-light:#50A14F;--shiki-dark:#98C379\"> origin</span><span style=\"--shiki-light:#50A14F;--shiki-dark:#98C379\"> v1.0</span></span>\n<span class=\"line\"><span style=\"--shiki-light:#4078F2;--shiki-dark:#61AFEF\">Total</span><span style=\"--shiki-light:#986801;--shiki-dark:#D19A66\"> 0</span><span style=\"--shiki-light:#383A42;--shiki-dark:#ABB2BF\"> (delta </span><span style=\"--shiki-light:#986801;--shiki-dark:#D19A66\">0</span><span style=\"--shiki-light:#383A42;--shiki-dark:#ABB2BF\">), reused 0 (</span><span style=\"--shiki-light:#4078F2;--shiki-dark:#61AFEF\">delta</span><span style=\"--shiki-light:#986801;--shiki-dark:#D19A66\"> 0</span><span style=\"--shiki-light:#383A42;--shiki-dark:#ABB2BF\">)</span></span>\n<span class=\"line\"><span style=\"--shiki-light:#4078F2;--shiki-dark:#61AFEF\">To</span><span style=\"--shiki-light:#50A14F;--shiki-dark:#98C379\"> github.com:Hope-Studio/learngit.git</span></span>\n<span class=\"line\"><span style=\"--shiki-light:#4078F2;--shiki-dark:#61AFEF\"> *</span><span style=\"--shiki-light:#383A42;--shiki-dark:#ABB2BF\"> [new </span><span style=\"--shiki-light:#50A14F;--shiki-dark:#98C379\">tag]</span><span style=\"--shiki-light:#50A14F;--shiki-dark:#98C379\">         v1.0</span><span style=\"--shiki-light:#383A42;--shiki-dark:#ABB2BF\"> -> </span><span style=\"--shiki-light:#50A14F;--shiki-dark:#98C379\">v1.0</span></span></code></pre>\n</div><p>或者，一次性推送全部尚未推送到远程的本地标签:</p>\n<div class=\"language-sh\" data-highlighter=\"shiki\" data-ext=\"sh\" data-title=\"sh\" style=\"--shiki-light:#383A42;--shiki-dark:#abb2bf;--shiki-light-bg:#FAFAFA;--shiki-dark-bg:#282c34\"><pre v-pre class=\"shiki shiki-themes one-light one-dark-pro vp-code\"><code><span class=\"line\"><span style=\"--shiki-light:#4078F2;--shiki-dark:#61AFEF\">$</span><span style=\"--shiki-light:#50A14F;--shiki-dark:#98C379\"> git</span><span style=\"--shiki-light:#50A14F;--shiki-dark:#98C379\"> push</span><span style=\"--shiki-light:#50A14F;--shiki-dark:#98C379\"> origin</span><span style=\"--shiki-light:#986801;--shiki-dark:#D19A66\"> --tags</span></span>\n<span class=\"line\"><span style=\"--shiki-light:#4078F2;--shiki-dark:#61AFEF\">Total</span><span style=\"--shiki-light:#986801;--shiki-dark:#D19A66\"> 0</span><span style=\"--shiki-light:#383A42;--shiki-dark:#ABB2BF\"> (delta </span><span style=\"--shiki-light:#986801;--shiki-dark:#D19A66\">0</span><span style=\"--shiki-light:#383A42;--shiki-dark:#ABB2BF\">), reused 0 (</span><span style=\"--shiki-light:#4078F2;--shiki-dark:#61AFEF\">delta</span><span style=\"--shiki-light:#986801;--shiki-dark:#D19A66\"> 0</span><span style=\"--shiki-light:#383A42;--shiki-dark:#ABB2BF\">)</span></span>\n<span class=\"line\"><span style=\"--shiki-light:#4078F2;--shiki-dark:#61AFEF\">To</span><span style=\"--shiki-light:#50A14F;--shiki-dark:#98C379\"> github.com:Hope-Studio/learngit.git</span></span>\n<span class=\"line\"><span style=\"--shiki-light:#4078F2;--shiki-dark:#61AFEF\"> *</span><span style=\"--shiki-light:#383A42;--shiki-dark:#ABB2BF\"> [new </span><span style=\"--shiki-light:#50A14F;--shiki-dark:#98C379\">tag]</span><span style=\"--shiki-light:#50A14F;--shiki-dark:#98C379\">         v0.9</span><span style=\"--shiki-light:#383A42;--shiki-dark:#ABB2BF\"> -> </span><span style=\"--shiki-light:#50A14F;--shiki-dark:#98C379\">v0.9</span></span></code></pre>\n</div><p>如果标签已经推送到远程，要删除远程标签就麻烦一点，先从本地删除:</p>\n<div class=\"language-sh\" data-highlighter=\"shiki\" data-ext=\"sh\" data-title=\"sh\" style=\"--shiki-light:#383A42;--shiki-dark:#abb2bf;--shiki-light-bg:#FAFAFA;--shiki-dark-bg:#282c34\"><pre v-pre class=\"shiki shiki-themes one-light one-dark-pro vp-code\"><code><span class=\"line\"><span style=\"--shiki-light:#4078F2;--shiki-dark:#61AFEF\">$</span><span style=\"--shiki-light:#50A14F;--shiki-dark:#98C379\"> git</span><span style=\"--shiki-light:#50A14F;--shiki-dark:#98C379\"> tag</span><span style=\"--shiki-light:#986801;--shiki-dark:#D19A66\"> -d</span><span style=\"--shiki-light:#50A14F;--shiki-dark:#98C379\"> v0.9</span></span>\n<span class=\"line\"><span style=\"--shiki-light:#4078F2;--shiki-dark:#61AFEF\">Deleted</span><span style=\"--shiki-light:#50A14F;--shiki-dark:#98C379\"> tag</span><span style=\"--shiki-light:#50A14F;--shiki-dark:#98C379\"> 'v0.9'</span><span style=\"--shiki-light:#383A42;--shiki-dark:#ABB2BF\"> (was </span><span style=\"--shiki-light:#50A14F;--shiki-dark:#98C379\">f52c633</span><span style=\"--shiki-light:#383A42;--shiki-dark:#ABB2BF\">)</span></span></code></pre>\n</div><p>然后，从远程删除。删除命令也是 push，但是格式如下:</p>\n<div class=\"language-sh\" data-highlighter=\"shiki\" data-ext=\"sh\" data-title=\"sh\" style=\"--shiki-light:#383A42;--shiki-dark:#abb2bf;--shiki-light-bg:#FAFAFA;--shiki-dark-bg:#282c34\"><pre v-pre class=\"shiki shiki-themes one-light one-dark-pro vp-code\"><code><span class=\"line\"><span style=\"--shiki-light:#4078F2;--shiki-dark:#61AFEF\">$</span><span style=\"--shiki-light:#50A14F;--shiki-dark:#98C379\"> git</span><span style=\"--shiki-light:#50A14F;--shiki-dark:#98C379\"> push</span><span style=\"--shiki-light:#50A14F;--shiki-dark:#98C379\"> origin</span><span style=\"--shiki-light:#50A14F;--shiki-dark:#98C379\"> :refs/tags/v0.9</span></span>\n<span class=\"line\"><span style=\"--shiki-light:#4078F2;--shiki-dark:#61AFEF\">To</span><span style=\"--shiki-light:#50A14F;--shiki-dark:#98C379\"> github.com:Hope-Studio/learngit.git</span></span>\n<span class=\"line\"><span style=\"--shiki-light:#4078F2;--shiki-dark:#61AFEF\"> -</span><span style=\"--shiki-light:#383A42;--shiki-dark:#ABB2BF\"> [deleted]         v0.9</span></span></code></pre>\n</div><p>要看看是否真的从远程库删除了标签，可以登陆 GitHub 查看。</p>\n<h3 id=\"管理标签小结\" tabindex=\"-1\"><a class=\"header-anchor\" href=\"#管理标签小结\"><span>管理标签小结</span></a></h3>\n<ul>\n<li>\n<p>命令 <code v-pre>git push origin &lt;tagname&gt;</code> 可以推送一个本地标签；</p>\n</li>\n<li>\n<p>命令 <code v-pre>git push origin --tags</code> 可以推送全部未推送过的本地标签；</p>\n</li>\n<li>\n<p>命令 <code v-pre>git tag -d &lt;tagname&gt;</code> 可以删除一个本地标签；</p>\n</li>\n<li>\n<p>命令 <code v-pre>git push origin :refs/tags/&lt;tagname&gt;</code> 可以删除一个远程标签。</p>\n</li>\n</ul>\n","env":{"base":"/","filePath":"/Users/carson/Desktop/Mister-Hope.github.io-main/src/software/git/tag.md","filePathRelative":"software/git/tag.md","frontmatter":{"date":"2020-05-04T00:00:00.000Z","title":"标签管理","icon":"tag","order":11,"author":"廖雪峰","category":"Git","tag":["Git","软件"],"copyright":"Copyright by 廖雪峰 Edited by Mister.Duan"},"sfcBlocks":{"template":{"type":"template","content":"<template><h2 id=\"为什么要有-tag\" tabindex=\"-1\"><a class=\"header-anchor\" href=\"#为什么要有-tag\"><span>为什么要有 tag</span></a></h2>\n<p>发布一个版本时，我们通常先在版本库中打一个标签 (<code v-pre>tag</code>)，这样，就唯一确定了打标签时刻的版本。将来无论什么时候，取某个标签的版本，就是把那个打标签的时刻的历史版本取出来。所以，标签也是版本库的一个快照。</p>\n<p>Git 的标签虽然是版本库的快照，但其实它就是指向某个 <code v-pre>commit</code> 的指针(跟分支很像对不对? 但是分支可以移动，标签不能移动)，所以，创建和删除标签都是瞬间完成的。</p>\n<p>Git 有 <code v-pre>commit</code>，为什么还要引入 <code v-pre>tag</code>?</p>\n<p>“请把上周一的那个版本打包发布，<code v-pre>commit</code> 号是 6a5819e...”</p>\n<p>“一串乱七八糟的数字不好找! ”</p>\n<p>如果换一个办法:</p>\n<p>“请把上周一的那个版本打包发布，版本号是 <code v-pre>v1.2</code>”</p>\n<p>“好的，按照 <code v-pre>tag v1.2</code> 查找 <code v-pre>commit</code> 就行! ”</p>\n<p>所以，<code v-pre>tag</code> 就是一个让人容易记住的有意义的名字，它跟某个 <code v-pre>commit</code> 绑在一起。</p>\n<div class=\"hint-container tip\">\n<p class=\"hint-container-title\">提示</p>\n<p>推荐的标签规范是以小写字母 <code v-pre>v</code> 开头，后接 <code v-pre>x.x</code> 或 <code v-pre>x.x.x</code> 等若干位版本号。</p>\n</div>\n<h2 id=\"创建轻量标签\" tabindex=\"-1\"><a class=\"header-anchor\" href=\"#创建轻量标签\"><span>创建轻量标签</span></a></h2>\n<p>在 Git 中打标签非常简单，首先，切换到需要打标签的分支上:</p>\n<div class=\"language-sh\" data-highlighter=\"shiki\" data-ext=\"sh\" data-title=\"sh\" style=\"--shiki-light:#383A42;--shiki-dark:#abb2bf;--shiki-light-bg:#FAFAFA;--shiki-dark-bg:#282c34\"><pre v-pre class=\"shiki shiki-themes one-light one-dark-pro vp-code\"><code><span class=\"line\"><span style=\"--shiki-light:#4078F2;--shiki-dark:#61AFEF\">$</span><span style=\"--shiki-light:#50A14F;--shiki-dark:#98C379\"> git</span><span style=\"--shiki-light:#50A14F;--shiki-dark:#98C379\"> branch</span></span>\n<span class=\"line\"><span style=\"--shiki-light:#383A42;--shiki-dark:#ABB2BF\">* dev</span></span>\n<span class=\"line\"><span style=\"--shiki-light:#4078F2;--shiki-dark:#61AFEF\">  master</span></span>\n<span class=\"line\"><span style=\"--shiki-light:#4078F2;--shiki-dark:#61AFEF\">$</span><span style=\"--shiki-light:#50A14F;--shiki-dark:#98C379\"> git</span><span style=\"--shiki-light:#50A14F;--shiki-dark:#98C379\"> checkout</span><span style=\"--shiki-light:#50A14F;--shiki-dark:#98C379\"> master</span></span>\n<span class=\"line\"><span style=\"--shiki-light:#4078F2;--shiki-dark:#61AFEF\">Switched</span><span style=\"--shiki-light:#50A14F;--shiki-dark:#98C379\"> to</span><span style=\"--shiki-light:#50A14F;--shiki-dark:#98C379\"> branch</span><span style=\"--shiki-light:#50A14F;--shiki-dark:#98C379\"> 'master'</span></span></code></pre>\n</div><p>然后，敲命令 <code v-pre>git tag &lt;name&gt;</code> 就可以打一个新标签:</p>\n<div class=\"language-sh\" data-highlighter=\"shiki\" data-ext=\"sh\" data-title=\"sh\" style=\"--shiki-light:#383A42;--shiki-dark:#abb2bf;--shiki-light-bg:#FAFAFA;--shiki-dark-bg:#282c34\"><pre v-pre class=\"shiki shiki-themes one-light one-dark-pro vp-code\"><code><span class=\"line\"><span style=\"--shiki-light:#4078F2;--shiki-dark:#61AFEF\">$</span><span style=\"--shiki-light:#50A14F;--shiki-dark:#98C379\"> git</span><span style=\"--shiki-light:#50A14F;--shiki-dark:#98C379\"> tag</span><span style=\"--shiki-light:#50A14F;--shiki-dark:#98C379\"> v1.0</span></span>\n<span class=\"line\"><span style=\"--shiki-light:#4078F2;--shiki-dark:#61AFEF\">--</span><span style=\"--shiki-light:#50A14F;--shiki-dark:#98C379\"> no</span><span style=\"--shiki-light:#50A14F;--shiki-dark:#98C379\"> output</span><span style=\"--shiki-light:#986801;--shiki-dark:#D19A66\"> --</span></span></code></pre>\n</div><p>可以用命令 <code v-pre>git tag</code> 查看所有标签:</p>\n<div class=\"language-sh\" data-highlighter=\"shiki\" data-ext=\"sh\" data-title=\"sh\" style=\"--shiki-light:#383A42;--shiki-dark:#abb2bf;--shiki-light-bg:#FAFAFA;--shiki-dark-bg:#282c34\"><pre v-pre class=\"shiki shiki-themes one-light one-dark-pro vp-code\"><code><span class=\"line\"><span style=\"--shiki-light:#4078F2;--shiki-dark:#61AFEF\">$</span><span style=\"--shiki-light:#50A14F;--shiki-dark:#98C379\"> git</span><span style=\"--shiki-light:#50A14F;--shiki-dark:#98C379\"> tag</span></span>\n<span class=\"line\"><span style=\"--shiki-light:#4078F2;--shiki-dark:#61AFEF\">v1.0</span></span></code></pre>\n</div><p>默认标签是打在最新提交的 <code v-pre>commit</code> 上的。有时候，如果忘了打标签，比如，现在已经是周五了，但应该在周一打的标签没有打，怎么办?</p>\n<p>方法是找到历史提交的 <code v-pre>commit id</code>，然后打上就可以了:</p>\n<div class=\"language-sh line-numbers-mode\" data-highlighter=\"shiki\" data-ext=\"sh\" data-title=\"sh\" style=\"--shiki-light:#383A42;--shiki-dark:#abb2bf;--shiki-light-bg:#FAFAFA;--shiki-dark-bg:#282c34\"><pre v-pre class=\"shiki shiki-themes one-light one-dark-pro vp-code\"><code><span class=\"line\"><span style=\"--shiki-light:#4078F2;--shiki-dark:#61AFEF\">$</span><span style=\"--shiki-light:#50A14F;--shiki-dark:#98C379\"> git</span><span style=\"--shiki-light:#50A14F;--shiki-dark:#98C379\"> log</span><span style=\"--shiki-light:#986801;--shiki-dark:#D19A66\"> --pretty=oneline</span><span style=\"--shiki-light:#986801;--shiki-dark:#D19A66\"> --abbrev-commit</span></span>\n<span class=\"line\"><span style=\"--shiki-light:#4078F2;--shiki-dark:#61AFEF\">12a631b</span><span style=\"--shiki-light:#383A42;--shiki-dark:#ABB2BF\"> (HEAD -> </span><span style=\"--shiki-light:#50A14F;--shiki-dark:#98C379\">master,</span><span style=\"--shiki-light:#50A14F;--shiki-dark:#98C379\"> tag:</span><span style=\"--shiki-light:#50A14F;--shiki-dark:#98C379\"> v1.0,</span><span style=\"--shiki-light:#50A14F;--shiki-dark:#98C379\"> origin/master</span><span style=\"--shiki-light:#383A42;--shiki-dark:#ABB2BF\">) merged bug fix 101</span></span>\n<span class=\"line\"><span style=\"--shiki-light:#4078F2;--shiki-dark:#61AFEF\">4c805e2</span><span style=\"--shiki-light:#50A14F;--shiki-dark:#98C379\"> fix</span><span style=\"--shiki-light:#50A14F;--shiki-dark:#98C379\"> bug</span><span style=\"--shiki-light:#986801;--shiki-dark:#D19A66\"> 101</span></span>\n<span class=\"line\"><span style=\"--shiki-light:#4078F2;--shiki-dark:#61AFEF\">e1e9c68</span><span style=\"--shiki-light:#50A14F;--shiki-dark:#98C379\"> merge</span><span style=\"--shiki-light:#50A14F;--shiki-dark:#98C379\"> with</span><span style=\"--shiki-light:#50A14F;--shiki-dark:#98C379\"> no-ff</span></span>\n<span class=\"line\"><span style=\"--shiki-light:#4078F2;--shiki-dark:#61AFEF\">f52c633</span><span style=\"--shiki-light:#50A14F;--shiki-dark:#98C379\"> add</span><span style=\"--shiki-light:#50A14F;--shiki-dark:#98C379\"> merge</span></span>\n<span class=\"line\"><span style=\"--shiki-light:#4078F2;--shiki-dark:#61AFEF\">cf810e4</span><span style=\"--shiki-light:#50A14F;--shiki-dark:#98C379\"> conflict</span><span style=\"--shiki-light:#50A14F;--shiki-dark:#98C379\"> fixed</span></span>\n<span class=\"line\"><span style=\"--shiki-light:#4078F2;--shiki-dark:#61AFEF\">5dc6824</span><span style=\"--shiki-light:#383A42;--shiki-dark:#ABB2BF\"> &#x26; </span><span style=\"--shiki-light:#4078F2;--shiki-dark:#61AFEF\">simple</span></span>\n<span class=\"line\"><span style=\"--shiki-light:#4078F2;--shiki-dark:#61AFEF\">14096d0</span><span style=\"--shiki-light:#50A14F;--shiki-dark:#98C379\"> AND</span><span style=\"--shiki-light:#50A14F;--shiki-dark:#98C379\"> simple</span></span>\n<span class=\"line\"><span style=\"--shiki-light:#4078F2;--shiki-dark:#61AFEF\">b17d20e</span><span style=\"--shiki-light:#50A14F;--shiki-dark:#98C379\"> branch</span><span style=\"--shiki-light:#50A14F;--shiki-dark:#98C379\"> test</span></span>\n<span class=\"line\"><span style=\"--shiki-light:#4078F2;--shiki-dark:#61AFEF\">d46f35e</span><span style=\"--shiki-light:#50A14F;--shiki-dark:#98C379\"> remove</span><span style=\"--shiki-light:#50A14F;--shiki-dark:#98C379\"> test.txt</span></span>\n<span class=\"line\"><span style=\"--shiki-light:#4078F2;--shiki-dark:#61AFEF\">b84166e</span><span style=\"--shiki-light:#50A14F;--shiki-dark:#98C379\"> add</span><span style=\"--shiki-light:#50A14F;--shiki-dark:#98C379\"> test.txt</span></span>\n<span class=\"line\"><span style=\"--shiki-light:#4078F2;--shiki-dark:#61AFEF\">519219b</span><span style=\"--shiki-light:#50A14F;--shiki-dark:#98C379\"> git</span><span style=\"--shiki-light:#50A14F;--shiki-dark:#98C379\"> tracks</span><span style=\"--shiki-light:#50A14F;--shiki-dark:#98C379\"> changes</span></span>\n<span class=\"line\"><span style=\"--shiki-light:#4078F2;--shiki-dark:#61AFEF\">e43a48b</span><span style=\"--shiki-light:#50A14F;--shiki-dark:#98C379\"> understand</span><span style=\"--shiki-light:#50A14F;--shiki-dark:#98C379\"> how</span><span style=\"--shiki-light:#50A14F;--shiki-dark:#98C379\"> stage</span><span style=\"--shiki-light:#50A14F;--shiki-dark:#98C379\"> works</span></span>\n<span class=\"line\"><span style=\"--shiki-light:#4078F2;--shiki-dark:#61AFEF\">1094adb</span><span style=\"--shiki-light:#50A14F;--shiki-dark:#98C379\"> append</span><span style=\"--shiki-light:#50A14F;--shiki-dark:#98C379\"> GPL</span></span>\n<span class=\"line\"><span style=\"--shiki-light:#4078F2;--shiki-dark:#61AFEF\">e475afc</span><span style=\"--shiki-light:#50A14F;--shiki-dark:#98C379\"> add</span><span style=\"--shiki-light:#50A14F;--shiki-dark:#98C379\"> distributed</span></span>\n<span class=\"line\"><span style=\"--shiki-light:#4078F2;--shiki-dark:#61AFEF\">eaadf4e</span><span style=\"--shiki-light:#50A14F;--shiki-dark:#98C379\"> wrote</span><span style=\"--shiki-light:#50A14F;--shiki-dark:#98C379\"> a</span><span style=\"--shiki-light:#50A14F;--shiki-dark:#98C379\"> readme</span><span style=\"--shiki-light:#50A14F;--shiki-dark:#98C379\"> file</span></span></code></pre>\n<div class=\"line-numbers\" aria-hidden=\"true\" style=\"counter-reset:line-number 0\"><div class=\"line-number\"></div><div class=\"line-number\"></div><div class=\"line-number\"></div><div class=\"line-number\"></div><div class=\"line-number\"></div><div class=\"line-number\"></div><div class=\"line-number\"></div><div class=\"line-number\"></div><div class=\"line-number\"></div><div class=\"line-number\"></div><div class=\"line-number\"></div><div class=\"line-number\"></div><div class=\"line-number\"></div><div class=\"line-number\"></div><div class=\"line-number\"></div><div class=\"line-number\"></div></div></div><p>比方说要对 <code v-pre>add merge</code> 这次提交打标签，它对应的 <code v-pre>commit id</code> 是 <code v-pre>f52c633</code>，敲入命令:</p>\n<div class=\"language-sh\" data-highlighter=\"shiki\" data-ext=\"sh\" data-title=\"sh\" style=\"--shiki-light:#383A42;--shiki-dark:#abb2bf;--shiki-light-bg:#FAFAFA;--shiki-dark-bg:#282c34\"><pre v-pre class=\"shiki shiki-themes one-light one-dark-pro vp-code\"><code><span class=\"line\"><span style=\"--shiki-light:#4078F2;--shiki-dark:#61AFEF\">$</span><span style=\"--shiki-light:#50A14F;--shiki-dark:#98C379\"> git</span><span style=\"--shiki-light:#50A14F;--shiki-dark:#98C379\"> tag</span><span style=\"--shiki-light:#50A14F;--shiki-dark:#98C379\"> v0.9</span><span style=\"--shiki-light:#50A14F;--shiki-dark:#98C379\"> f52c633</span></span>\n<span class=\"line\"><span style=\"--shiki-light:#4078F2;--shiki-dark:#61AFEF\">--no</span><span style=\"--shiki-light:#50A14F;--shiki-dark:#98C379\"> output</span><span style=\"--shiki-light:#986801;--shiki-dark:#D19A66\"> --</span></span></code></pre>\n</div><p>再用命令 <code v-pre>git tag</code> 查看标签:</p>\n<div class=\"language-sh\" data-highlighter=\"shiki\" data-ext=\"sh\" data-title=\"sh\" style=\"--shiki-light:#383A42;--shiki-dark:#abb2bf;--shiki-light-bg:#FAFAFA;--shiki-dark-bg:#282c34\"><pre v-pre class=\"shiki shiki-themes one-light one-dark-pro vp-code\"><code><span class=\"line\"><span style=\"--shiki-light:#4078F2;--shiki-dark:#61AFEF\">$</span><span style=\"--shiki-light:#50A14F;--shiki-dark:#98C379\"> git</span><span style=\"--shiki-light:#50A14F;--shiki-dark:#98C379\"> tag</span></span>\n<span class=\"line\"><span style=\"--shiki-light:#4078F2;--shiki-dark:#61AFEF\">v0.9</span></span>\n<span class=\"line\"><span style=\"--shiki-light:#4078F2;--shiki-dark:#61AFEF\">v1.0</span></span></code></pre>\n</div><p>注意，标签不是按时间顺序列出，而是按字母排序的。可以用 <code v-pre>git show &lt;tagname&gt;</code> 查看标签信息:</p>\n<div class=\"language-sh\" data-highlighter=\"shiki\" data-ext=\"sh\" data-title=\"sh\" style=\"--shiki-light:#383A42;--shiki-dark:#abb2bf;--shiki-light-bg:#FAFAFA;--shiki-dark-bg:#282c34\"><pre v-pre class=\"shiki shiki-themes one-light one-dark-pro vp-code\"><code><span class=\"line\"><span style=\"--shiki-light:#4078F2;--shiki-dark:#61AFEF\">$</span><span style=\"--shiki-light:#50A14F;--shiki-dark:#98C379\"> git</span><span style=\"--shiki-light:#50A14F;--shiki-dark:#98C379\"> show</span><span style=\"--shiki-light:#50A14F;--shiki-dark:#98C379\"> v0.9</span></span>\n<span class=\"line\"><span style=\"--shiki-light:#4078F2;--shiki-dark:#61AFEF\">commit</span><span style=\"--shiki-light:#50A14F;--shiki-dark:#98C379\"> f52c63349bc3c1593499807e5c8e972b82c8f286</span><span style=\"--shiki-light:#383A42;--shiki-dark:#ABB2BF\"> (tag: </span><span style=\"--shiki-light:#50A14F;--shiki-dark:#98C379\">v0.9</span><span style=\"--shiki-light:#383A42;--shiki-dark:#ABB2BF\">)</span></span>\n<span class=\"line\"><span style=\"--shiki-light:#4078F2;--shiki-dark:#61AFEF\">Author:</span><span style=\"--shiki-light:#50A14F;--shiki-dark:#98C379\"> Michael</span><span style=\"--shiki-light:#50A14F;--shiki-dark:#98C379\"> Liao</span><span style=\"--shiki-light:#383A42;--shiki-dark:#ABB2BF\"> &#x3C;</span><span style=\"--shiki-light:#50A14F;--shiki-dark:#98C379\">askxuefeng@gmail.co</span><span style=\"--shiki-light:#383A42;--shiki-dark:#ABB2BF\">m></span></span>\n<span class=\"line\"><span style=\"--shiki-light:#4078F2;--shiki-dark:#61AFEF\">Date:</span><span style=\"--shiki-light:#50A14F;--shiki-dark:#98C379\">   Fri</span><span style=\"--shiki-light:#50A14F;--shiki-dark:#98C379\"> May</span><span style=\"--shiki-light:#986801;--shiki-dark:#D19A66\"> 18</span><span style=\"--shiki-light:#50A14F;--shiki-dark:#98C379\"> 21:56:54</span><span style=\"--shiki-light:#986801;--shiki-dark:#D19A66\"> 2018</span><span style=\"--shiki-light:#50A14F;--shiki-dark:#98C379\"> +0800</span></span>\n<span class=\"line\"></span>\n<span class=\"line\"><span style=\"--shiki-light:#4078F2;--shiki-dark:#61AFEF\">    add</span><span style=\"--shiki-light:#50A14F;--shiki-dark:#98C379\"> merge</span></span>\n<span class=\"line\"></span>\n<span class=\"line\"><span style=\"--shiki-light:#4078F2;--shiki-dark:#61AFEF\">diff</span><span style=\"--shiki-light:#986801;--shiki-dark:#D19A66\"> --git</span><span style=\"--shiki-light:#50A14F;--shiki-dark:#98C379\"> a/readme.txt</span><span style=\"--shiki-light:#50A14F;--shiki-dark:#98C379\"> b/readme.txt</span></span>\n<span class=\"line\"><span style=\"--shiki-light:#0184BC;--shiki-dark:#56B6C2\">...</span></span></code></pre>\n</div><p>可以看到，<code v-pre>v0.9</code> 确实打在 <code v-pre>add merge</code> 这次提交上。</p>\n<h2 id=\"附注标签\" tabindex=\"-1\"><a class=\"header-anchor\" href=\"#附注标签\"><span>附注标签</span></a></h2>\n<p>Git 还可以创建带有说明的标签，用 <code v-pre>-a</code> 指定标签名，<code v-pre>-m</code> 指定说明文字:</p>\n<div class=\"language-sh\" data-highlighter=\"shiki\" data-ext=\"sh\" data-title=\"sh\" style=\"--shiki-light:#383A42;--shiki-dark:#abb2bf;--shiki-light-bg:#FAFAFA;--shiki-dark-bg:#282c34\"><pre v-pre class=\"shiki shiki-themes one-light one-dark-pro vp-code\"><code><span class=\"line\"><span style=\"--shiki-light:#4078F2;--shiki-dark:#61AFEF\">$</span><span style=\"--shiki-light:#50A14F;--shiki-dark:#98C379\"> git</span><span style=\"--shiki-light:#50A14F;--shiki-dark:#98C379\"> tag</span><span style=\"--shiki-light:#986801;--shiki-dark:#D19A66\"> -a</span><span style=\"--shiki-light:#50A14F;--shiki-dark:#98C379\"> v0.1</span><span style=\"--shiki-light:#986801;--shiki-dark:#D19A66\"> -m</span><span style=\"--shiki-light:#50A14F;--shiki-dark:#98C379\"> \"version 0.1 released\"</span><span style=\"--shiki-light:#50A14F;--shiki-dark:#98C379\"> 1094adb</span></span>\n<span class=\"line\"><span style=\"--shiki-light:#4078F2;--shiki-dark:#61AFEF\">--no</span><span style=\"--shiki-light:#50A14F;--shiki-dark:#98C379\"> output</span><span style=\"--shiki-light:#986801;--shiki-dark:#D19A66\"> --</span></span></code></pre>\n</div><p>用命令 <code v-pre>git show &lt;tagname&gt;</code> 可以看到说明文字:</p>\n<div class=\"language-sh line-numbers-mode\" data-highlighter=\"shiki\" data-ext=\"sh\" data-title=\"sh\" style=\"--shiki-light:#383A42;--shiki-dark:#abb2bf;--shiki-light-bg:#FAFAFA;--shiki-dark-bg:#282c34\"><pre v-pre class=\"shiki shiki-themes one-light one-dark-pro vp-code\"><code><span class=\"line\"><span style=\"--shiki-light:#4078F2;--shiki-dark:#61AFEF\">$</span><span style=\"--shiki-light:#50A14F;--shiki-dark:#98C379\"> git</span><span style=\"--shiki-light:#50A14F;--shiki-dark:#98C379\"> show</span><span style=\"--shiki-light:#50A14F;--shiki-dark:#98C379\"> v0.1</span></span>\n<span class=\"line\"><span style=\"--shiki-light:#4078F2;--shiki-dark:#61AFEF\">tag</span><span style=\"--shiki-light:#50A14F;--shiki-dark:#98C379\"> v0.1</span></span>\n<span class=\"line\"><span style=\"--shiki-light:#4078F2;--shiki-dark:#61AFEF\">Tagger:</span><span style=\"--shiki-light:#50A14F;--shiki-dark:#98C379\"> Michael</span><span style=\"--shiki-light:#50A14F;--shiki-dark:#98C379\"> Liao</span><span style=\"--shiki-light:#383A42;--shiki-dark:#ABB2BF\"> &#x3C;</span><span style=\"--shiki-light:#50A14F;--shiki-dark:#98C379\">askxuefeng@gmail.co</span><span style=\"--shiki-light:#383A42;--shiki-dark:#ABB2BF\">m></span></span>\n<span class=\"line\"><span style=\"--shiki-light:#4078F2;--shiki-dark:#61AFEF\">Date:</span><span style=\"--shiki-light:#50A14F;--shiki-dark:#98C379\">   Fri</span><span style=\"--shiki-light:#50A14F;--shiki-dark:#98C379\"> May</span><span style=\"--shiki-light:#986801;--shiki-dark:#D19A66\"> 18</span><span style=\"--shiki-light:#50A14F;--shiki-dark:#98C379\"> 22:48:43</span><span style=\"--shiki-light:#986801;--shiki-dark:#D19A66\"> 2018</span><span style=\"--shiki-light:#50A14F;--shiki-dark:#98C379\"> +0800</span></span>\n<span class=\"line\"></span>\n<span class=\"line\"><span style=\"--shiki-light:#4078F2;--shiki-dark:#61AFEF\">version</span><span style=\"--shiki-light:#986801;--shiki-dark:#D19A66\"> 0.1</span><span style=\"--shiki-light:#50A14F;--shiki-dark:#98C379\"> released</span></span>\n<span class=\"line\"></span>\n<span class=\"line\"><span style=\"--shiki-light:#4078F2;--shiki-dark:#61AFEF\">commit</span><span style=\"--shiki-light:#50A14F;--shiki-dark:#98C379\"> 1094adb7b9b3807259d8cb349e7df1d4d6477073</span><span style=\"--shiki-light:#383A42;--shiki-dark:#ABB2BF\"> (tag: </span><span style=\"--shiki-light:#50A14F;--shiki-dark:#98C379\">v0.1</span><span style=\"--shiki-light:#383A42;--shiki-dark:#ABB2BF\">)</span></span>\n<span class=\"line\"><span style=\"--shiki-light:#4078F2;--shiki-dark:#61AFEF\">Author:</span><span style=\"--shiki-light:#50A14F;--shiki-dark:#98C379\"> Michael</span><span style=\"--shiki-light:#50A14F;--shiki-dark:#98C379\"> Liao</span><span style=\"--shiki-light:#383A42;--shiki-dark:#ABB2BF\"> &#x3C;</span><span style=\"--shiki-light:#50A14F;--shiki-dark:#98C379\">askxuefeng@gmail.co</span><span style=\"--shiki-light:#383A42;--shiki-dark:#ABB2BF\">m></span></span>\n<span class=\"line\"><span style=\"--shiki-light:#4078F2;--shiki-dark:#61AFEF\">Date:</span><span style=\"--shiki-light:#50A14F;--shiki-dark:#98C379\">   Fri</span><span style=\"--shiki-light:#50A14F;--shiki-dark:#98C379\"> May</span><span style=\"--shiki-light:#986801;--shiki-dark:#D19A66\"> 18</span><span style=\"--shiki-light:#50A14F;--shiki-dark:#98C379\"> 21:06:15</span><span style=\"--shiki-light:#986801;--shiki-dark:#D19A66\"> 2018</span><span style=\"--shiki-light:#50A14F;--shiki-dark:#98C379\"> +0800</span></span>\n<span class=\"line\"></span>\n<span class=\"line\"><span style=\"--shiki-light:#4078F2;--shiki-dark:#61AFEF\">    append</span><span style=\"--shiki-light:#50A14F;--shiki-dark:#98C379\"> GPL</span></span>\n<span class=\"line\"></span>\n<span class=\"line\"><span style=\"--shiki-light:#4078F2;--shiki-dark:#61AFEF\">diff</span><span style=\"--shiki-light:#986801;--shiki-dark:#D19A66\"> --git</span><span style=\"--shiki-light:#50A14F;--shiki-dark:#98C379\"> a/readme.txt</span><span style=\"--shiki-light:#50A14F;--shiki-dark:#98C379\"> b/readme.txt</span></span>\n<span class=\"line\"><span style=\"--shiki-light:#0184BC;--shiki-dark:#56B6C2\">...</span></span></code></pre>\n<div class=\"line-numbers\" aria-hidden=\"true\" style=\"counter-reset:line-number 0\"><div class=\"line-number\"></div><div class=\"line-number\"></div><div class=\"line-number\"></div><div class=\"line-number\"></div><div class=\"line-number\"></div><div class=\"line-number\"></div><div class=\"line-number\"></div><div class=\"line-number\"></div><div class=\"line-number\"></div><div class=\"line-number\"></div><div class=\"line-number\"></div><div class=\"line-number\"></div><div class=\"line-number\"></div><div class=\"line-number\"></div><div class=\"line-number\"></div></div></div><div class=\"hint-container tip\">\n<p class=\"hint-container-title\">提示</p>\n<p>标签总是和某个 commit 挂钩。如果这个 commit 既出现在 master 分支，又出现在 dev 分支，那么在这两个分支上都可以看到这个标签。</p>\n</div>\n<h3 id=\"添加小结\" tabindex=\"-1\"><a class=\"header-anchor\" href=\"#添加小结\"><span>添加小结</span></a></h3>\n<p>命令 <code v-pre>git tag &lt;tagname&gt;</code> 用于新建一个标签，默认为 <code v-pre>HEAD</code>，也可以指定一个 <code v-pre>commit id</code>；</p>\n<p>命令 <code v-pre>git tag -a &lt;tagname&gt; -m &quot;blablabla...&quot;</code> 可以指定标签信息；</p>\n<p>命令 <code v-pre>git tag</code> 可以查看所有标签。</p>\n<h2 id=\"操作标签\" tabindex=\"-1\"><a class=\"header-anchor\" href=\"#操作标签\"><span>操作标签</span></a></h2>\n<p>如果标签打错了，也可以删除:</p>\n<div class=\"language-sh\" data-highlighter=\"shiki\" data-ext=\"sh\" data-title=\"sh\" style=\"--shiki-light:#383A42;--shiki-dark:#abb2bf;--shiki-light-bg:#FAFAFA;--shiki-dark-bg:#282c34\"><pre v-pre class=\"shiki shiki-themes one-light one-dark-pro vp-code\"><code><span class=\"line\"><span style=\"--shiki-light:#4078F2;--shiki-dark:#61AFEF\">$</span><span style=\"--shiki-light:#50A14F;--shiki-dark:#98C379\"> git</span><span style=\"--shiki-light:#50A14F;--shiki-dark:#98C379\"> tag</span><span style=\"--shiki-light:#986801;--shiki-dark:#D19A66\"> -d</span><span style=\"--shiki-light:#50A14F;--shiki-dark:#98C379\"> v0.1</span></span>\n<span class=\"line\"><span style=\"--shiki-light:#4078F2;--shiki-dark:#61AFEF\">Deleted</span><span style=\"--shiki-light:#50A14F;--shiki-dark:#98C379\"> tag</span><span style=\"--shiki-light:#50A14F;--shiki-dark:#98C379\"> 'v0.1'</span><span style=\"--shiki-light:#383A42;--shiki-dark:#ABB2BF\"> (was </span><span style=\"--shiki-light:#50A14F;--shiki-dark:#98C379\">f15b0dd</span><span style=\"--shiki-light:#383A42;--shiki-dark:#ABB2BF\">)</span><span style=\"--shiki-light:#0184BC;--shiki-dark:#56B6C2\">\\</span></span></code></pre>\n</div><p>因为创建的标签都只存储在本地，不会自动推送到远程。所以，打错的标签可以在本地安全删除。</p>\n<p>如果要推送某个标签到远程，使用命令 <code v-pre>git push origin &lt;tagname&gt;</code>:</p>\n<div class=\"language-sh\" data-highlighter=\"shiki\" data-ext=\"sh\" data-title=\"sh\" style=\"--shiki-light:#383A42;--shiki-dark:#abb2bf;--shiki-light-bg:#FAFAFA;--shiki-dark-bg:#282c34\"><pre v-pre class=\"shiki shiki-themes one-light one-dark-pro vp-code\"><code><span class=\"line\"><span style=\"--shiki-light:#4078F2;--shiki-dark:#61AFEF\">$</span><span style=\"--shiki-light:#50A14F;--shiki-dark:#98C379\"> git</span><span style=\"--shiki-light:#50A14F;--shiki-dark:#98C379\"> push</span><span style=\"--shiki-light:#50A14F;--shiki-dark:#98C379\"> origin</span><span style=\"--shiki-light:#50A14F;--shiki-dark:#98C379\"> v1.0</span></span>\n<span class=\"line\"><span style=\"--shiki-light:#4078F2;--shiki-dark:#61AFEF\">Total</span><span style=\"--shiki-light:#986801;--shiki-dark:#D19A66\"> 0</span><span style=\"--shiki-light:#383A42;--shiki-dark:#ABB2BF\"> (delta </span><span style=\"--shiki-light:#986801;--shiki-dark:#D19A66\">0</span><span style=\"--shiki-light:#383A42;--shiki-dark:#ABB2BF\">), reused 0 (</span><span style=\"--shiki-light:#4078F2;--shiki-dark:#61AFEF\">delta</span><span style=\"--shiki-light:#986801;--shiki-dark:#D19A66\"> 0</span><span style=\"--shiki-light:#383A42;--shiki-dark:#ABB2BF\">)</span></span>\n<span class=\"line\"><span style=\"--shiki-light:#4078F2;--shiki-dark:#61AFEF\">To</span><span style=\"--shiki-light:#50A14F;--shiki-dark:#98C379\"> github.com:Hope-Studio/learngit.git</span></span>\n<span class=\"line\"><span style=\"--shiki-light:#4078F2;--shiki-dark:#61AFEF\"> *</span><span style=\"--shiki-light:#383A42;--shiki-dark:#ABB2BF\"> [new </span><span style=\"--shiki-light:#50A14F;--shiki-dark:#98C379\">tag]</span><span style=\"--shiki-light:#50A14F;--shiki-dark:#98C379\">         v1.0</span><span style=\"--shiki-light:#383A42;--shiki-dark:#ABB2BF\"> -> </span><span style=\"--shiki-light:#50A14F;--shiki-dark:#98C379\">v1.0</span></span></code></pre>\n</div><p>或者，一次性推送全部尚未推送到远程的本地标签:</p>\n<div class=\"language-sh\" data-highlighter=\"shiki\" data-ext=\"sh\" data-title=\"sh\" style=\"--shiki-light:#383A42;--shiki-dark:#abb2bf;--shiki-light-bg:#FAFAFA;--shiki-dark-bg:#282c34\"><pre v-pre class=\"shiki shiki-themes one-light one-dark-pro vp-code\"><code><span class=\"line\"><span style=\"--shiki-light:#4078F2;--shiki-dark:#61AFEF\">$</span><span style=\"--shiki-light:#50A14F;--shiki-dark:#98C379\"> git</span><span style=\"--shiki-light:#50A14F;--shiki-dark:#98C379\"> push</span><span style=\"--shiki-light:#50A14F;--shiki-dark:#98C379\"> origin</span><span style=\"--shiki-light:#986801;--shiki-dark:#D19A66\"> --tags</span></span>\n<span class=\"line\"><span style=\"--shiki-light:#4078F2;--shiki-dark:#61AFEF\">Total</span><span style=\"--shiki-light:#986801;--shiki-dark:#D19A66\"> 0</span><span style=\"--shiki-light:#383A42;--shiki-dark:#ABB2BF\"> (delta </span><span style=\"--shiki-light:#986801;--shiki-dark:#D19A66\">0</span><span style=\"--shiki-light:#383A42;--shiki-dark:#ABB2BF\">), reused 0 (</span><span style=\"--shiki-light:#4078F2;--shiki-dark:#61AFEF\">delta</span><span style=\"--shiki-light:#986801;--shiki-dark:#D19A66\"> 0</span><span style=\"--shiki-light:#383A42;--shiki-dark:#ABB2BF\">)</span></span>\n<span class=\"line\"><span style=\"--shiki-light:#4078F2;--shiki-dark:#61AFEF\">To</span><span style=\"--shiki-light:#50A14F;--shiki-dark:#98C379\"> github.com:Hope-Studio/learngit.git</span></span>\n<span class=\"line\"><span style=\"--shiki-light:#4078F2;--shiki-dark:#61AFEF\"> *</span><span style=\"--shiki-light:#383A42;--shiki-dark:#ABB2BF\"> [new </span><span style=\"--shiki-light:#50A14F;--shiki-dark:#98C379\">tag]</span><span style=\"--shiki-light:#50A14F;--shiki-dark:#98C379\">         v0.9</span><span style=\"--shiki-light:#383A42;--shiki-dark:#ABB2BF\"> -> </span><span style=\"--shiki-light:#50A14F;--shiki-dark:#98C379\">v0.9</span></span></code></pre>\n</div><p>如果标签已经推送到远程，要删除远程标签就麻烦一点，先从本地删除:</p>\n<div class=\"language-sh\" data-highlighter=\"shiki\" data-ext=\"sh\" data-title=\"sh\" style=\"--shiki-light:#383A42;--shiki-dark:#abb2bf;--shiki-light-bg:#FAFAFA;--shiki-dark-bg:#282c34\"><pre v-pre class=\"shiki shiki-themes one-light one-dark-pro vp-code\"><code><span class=\"line\"><span style=\"--shiki-light:#4078F2;--shiki-dark:#61AFEF\">$</span><span style=\"--shiki-light:#50A14F;--shiki-dark:#98C379\"> git</span><span style=\"--shiki-light:#50A14F;--shiki-dark:#98C379\"> tag</span><span style=\"--shiki-light:#986801;--shiki-dark:#D19A66\"> -d</span><span style=\"--shiki-light:#50A14F;--shiki-dark:#98C379\"> v0.9</span></span>\n<span class=\"line\"><span style=\"--shiki-light:#4078F2;--shiki-dark:#61AFEF\">Deleted</span><span style=\"--shiki-light:#50A14F;--shiki-dark:#98C379\"> tag</span><span style=\"--shiki-light:#50A14F;--shiki-dark:#98C379\"> 'v0.9'</span><span style=\"--shiki-light:#383A42;--shiki-dark:#ABB2BF\"> (was </span><span style=\"--shiki-light:#50A14F;--shiki-dark:#98C379\">f52c633</span><span style=\"--shiki-light:#383A42;--shiki-dark:#ABB2BF\">)</span></span></code></pre>\n</div><p>然后，从远程删除。删除命令也是 push，但是格式如下:</p>\n<div class=\"language-sh\" data-highlighter=\"shiki\" data-ext=\"sh\" data-title=\"sh\" style=\"--shiki-light:#383A42;--shiki-dark:#abb2bf;--shiki-light-bg:#FAFAFA;--shiki-dark-bg:#282c34\"><pre v-pre class=\"shiki shiki-themes one-light one-dark-pro vp-code\"><code><span class=\"line\"><span style=\"--shiki-light:#4078F2;--shiki-dark:#61AFEF\">$</span><span style=\"--shiki-light:#50A14F;--shiki-dark:#98C379\"> git</span><span style=\"--shiki-light:#50A14F;--shiki-dark:#98C379\"> push</span><span style=\"--shiki-light:#50A14F;--shiki-dark:#98C379\"> origin</span><span style=\"--shiki-light:#50A14F;--shiki-dark:#98C379\"> :refs/tags/v0.9</span></span>\n<span class=\"line\"><span style=\"--shiki-light:#4078F2;--shiki-dark:#61AFEF\">To</span><span style=\"--shiki-light:#50A14F;--shiki-dark:#98C379\"> github.com:Hope-Studio/learngit.git</span></span>\n<span class=\"line\"><span style=\"--shiki-light:#4078F2;--shiki-dark:#61AFEF\"> -</span><span style=\"--shiki-light:#383A42;--shiki-dark:#ABB2BF\"> [deleted]         v0.9</span></span></code></pre>\n</div><p>要看看是否真的从远程库删除了标签，可以登陆 GitHub 查看。</p>\n<h3 id=\"管理标签小结\" tabindex=\"-1\"><a class=\"header-anchor\" href=\"#管理标签小结\"><span>管理标签小结</span></a></h3>\n<ul>\n<li>\n<p>命令 <code v-pre>git push origin &lt;tagname&gt;</code> 可以推送一个本地标签；</p>\n</li>\n<li>\n<p>命令 <code v-pre>git push origin --tags</code> 可以推送全部未推送过的本地标签；</p>\n</li>\n<li>\n<p>命令 <code v-pre>git tag -d &lt;tagname&gt;</code> 可以删除一个本地标签；</p>\n</li>\n<li>\n<p>命令 <code v-pre>git push origin :refs/tags/&lt;tagname&gt;</code> 可以删除一个远程标签。</p>\n</li>\n</ul>\n</template>","contentStripped":"<h2 id=\"为什么要有-tag\" tabindex=\"-1\"><a class=\"header-anchor\" href=\"#为什么要有-tag\"><span>为什么要有 tag</span></a></h2>\n<p>发布一个版本时，我们通常先在版本库中打一个标签 (<code v-pre>tag</code>)，这样，就唯一确定了打标签时刻的版本。将来无论什么时候，取某个标签的版本，就是把那个打标签的时刻的历史版本取出来。所以，标签也是版本库的一个快照。</p>\n<p>Git 的标签虽然是版本库的快照，但其实它就是指向某个 <code v-pre>commit</code> 的指针(跟分支很像对不对? 但是分支可以移动，标签不能移动)，所以，创建和删除标签都是瞬间完成的。</p>\n<p>Git 有 <code v-pre>commit</code>，为什么还要引入 <code v-pre>tag</code>?</p>\n<p>“请把上周一的那个版本打包发布，<code v-pre>commit</code> 号是 6a5819e...”</p>\n<p>“一串乱七八糟的数字不好找! ”</p>\n<p>如果换一个办法:</p>\n<p>“请把上周一的那个版本打包发布，版本号是 <code v-pre>v1.2</code>”</p>\n<p>“好的，按照 <code v-pre>tag v1.2</code> 查找 <code v-pre>commit</code> 就行! ”</p>\n<p>所以，<code v-pre>tag</code> 就是一个让人容易记住的有意义的名字，它跟某个 <code v-pre>commit</code> 绑在一起。</p>\n<div class=\"hint-container tip\">\n<p class=\"hint-container-title\">提示</p>\n<p>推荐的标签规范是以小写字母 <code v-pre>v</code> 开头，后接 <code v-pre>x.x</code> 或 <code v-pre>x.x.x</code> 等若干位版本号。</p>\n</div>\n<h2 id=\"创建轻量标签\" tabindex=\"-1\"><a class=\"header-anchor\" href=\"#创建轻量标签\"><span>创建轻量标签</span></a></h2>\n<p>在 Git 中打标签非常简单，首先，切换到需要打标签的分支上:</p>\n<div class=\"language-sh\" data-highlighter=\"shiki\" data-ext=\"sh\" data-title=\"sh\" style=\"--shiki-light:#383A42;--shiki-dark:#abb2bf;--shiki-light-bg:#FAFAFA;--shiki-dark-bg:#282c34\"><pre v-pre class=\"shiki shiki-themes one-light one-dark-pro vp-code\"><code><span class=\"line\"><span style=\"--shiki-light:#4078F2;--shiki-dark:#61AFEF\">$</span><span style=\"--shiki-light:#50A14F;--shiki-dark:#98C379\"> git</span><span style=\"--shiki-light:#50A14F;--shiki-dark:#98C379\"> branch</span></span>\n<span class=\"line\"><span style=\"--shiki-light:#383A42;--shiki-dark:#ABB2BF\">* dev</span></span>\n<span class=\"line\"><span style=\"--shiki-light:#4078F2;--shiki-dark:#61AFEF\">  master</span></span>\n<span class=\"line\"><span style=\"--shiki-light:#4078F2;--shiki-dark:#61AFEF\">$</span><span style=\"--shiki-light:#50A14F;--shiki-dark:#98C379\"> git</span><span style=\"--shiki-light:#50A14F;--shiki-dark:#98C379\"> checkout</span><span style=\"--shiki-light:#50A14F;--shiki-dark:#98C379\"> master</span></span>\n<span class=\"line\"><span style=\"--shiki-light:#4078F2;--shiki-dark:#61AFEF\">Switched</span><span style=\"--shiki-light:#50A14F;--shiki-dark:#98C379\"> to</span><span style=\"--shiki-light:#50A14F;--shiki-dark:#98C379\"> branch</span><span style=\"--shiki-light:#50A14F;--shiki-dark:#98C379\"> 'master'</span></span></code></pre>\n</div><p>然后，敲命令 <code v-pre>git tag &lt;name&gt;</code> 就可以打一个新标签:</p>\n<div class=\"language-sh\" data-highlighter=\"shiki\" data-ext=\"sh\" data-title=\"sh\" style=\"--shiki-light:#383A42;--shiki-dark:#abb2bf;--shiki-light-bg:#FAFAFA;--shiki-dark-bg:#282c34\"><pre v-pre class=\"shiki shiki-themes one-light one-dark-pro vp-code\"><code><span class=\"line\"><span style=\"--shiki-light:#4078F2;--shiki-dark:#61AFEF\">$</span><span style=\"--shiki-light:#50A14F;--shiki-dark:#98C379\"> git</span><span style=\"--shiki-light:#50A14F;--shiki-dark:#98C379\"> tag</span><span style=\"--shiki-light:#50A14F;--shiki-dark:#98C379\"> v1.0</span></span>\n<span class=\"line\"><span style=\"--shiki-light:#4078F2;--shiki-dark:#61AFEF\">--</span><span style=\"--shiki-light:#50A14F;--shiki-dark:#98C379\"> no</span><span style=\"--shiki-light:#50A14F;--shiki-dark:#98C379\"> output</span><span style=\"--shiki-light:#986801;--shiki-dark:#D19A66\"> --</span></span></code></pre>\n</div><p>可以用命令 <code v-pre>git tag</code> 查看所有标签:</p>\n<div class=\"language-sh\" data-highlighter=\"shiki\" data-ext=\"sh\" data-title=\"sh\" style=\"--shiki-light:#383A42;--shiki-dark:#abb2bf;--shiki-light-bg:#FAFAFA;--shiki-dark-bg:#282c34\"><pre v-pre class=\"shiki shiki-themes one-light one-dark-pro vp-code\"><code><span class=\"line\"><span style=\"--shiki-light:#4078F2;--shiki-dark:#61AFEF\">$</span><span style=\"--shiki-light:#50A14F;--shiki-dark:#98C379\"> git</span><span style=\"--shiki-light:#50A14F;--shiki-dark:#98C379\"> tag</span></span>\n<span class=\"line\"><span style=\"--shiki-light:#4078F2;--shiki-dark:#61AFEF\">v1.0</span></span></code></pre>\n</div><p>默认标签是打在最新提交的 <code v-pre>commit</code> 上的。有时候，如果忘了打标签，比如，现在已经是周五了，但应该在周一打的标签没有打，怎么办?</p>\n<p>方法是找到历史提交的 <code v-pre>commit id</code>，然后打上就可以了:</p>\n<div class=\"language-sh line-numbers-mode\" data-highlighter=\"shiki\" data-ext=\"sh\" data-title=\"sh\" style=\"--shiki-light:#383A42;--shiki-dark:#abb2bf;--shiki-light-bg:#FAFAFA;--shiki-dark-bg:#282c34\"><pre v-pre class=\"shiki shiki-themes one-light one-dark-pro vp-code\"><code><span class=\"line\"><span style=\"--shiki-light:#4078F2;--shiki-dark:#61AFEF\">$</span><span style=\"--shiki-light:#50A14F;--shiki-dark:#98C379\"> git</span><span style=\"--shiki-light:#50A14F;--shiki-dark:#98C379\"> log</span><span style=\"--shiki-light:#986801;--shiki-dark:#D19A66\"> --pretty=oneline</span><span style=\"--shiki-light:#986801;--shiki-dark:#D19A66\"> --abbrev-commit</span></span>\n<span class=\"line\"><span style=\"--shiki-light:#4078F2;--shiki-dark:#61AFEF\">12a631b</span><span style=\"--shiki-light:#383A42;--shiki-dark:#ABB2BF\"> (HEAD -> </span><span style=\"--shiki-light:#50A14F;--shiki-dark:#98C379\">master,</span><span style=\"--shiki-light:#50A14F;--shiki-dark:#98C379\"> tag:</span><span style=\"--shiki-light:#50A14F;--shiki-dark:#98C379\"> v1.0,</span><span style=\"--shiki-light:#50A14F;--shiki-dark:#98C379\"> origin/master</span><span style=\"--shiki-light:#383A42;--shiki-dark:#ABB2BF\">) merged bug fix 101</span></span>\n<span class=\"line\"><span style=\"--shiki-light:#4078F2;--shiki-dark:#61AFEF\">4c805e2</span><span style=\"--shiki-light:#50A14F;--shiki-dark:#98C379\"> fix</span><span style=\"--shiki-light:#50A14F;--shiki-dark:#98C379\"> bug</span><span style=\"--shiki-light:#986801;--shiki-dark:#D19A66\"> 101</span></span>\n<span class=\"line\"><span style=\"--shiki-light:#4078F2;--shiki-dark:#61AFEF\">e1e9c68</span><span style=\"--shiki-light:#50A14F;--shiki-dark:#98C379\"> merge</span><span style=\"--shiki-light:#50A14F;--shiki-dark:#98C379\"> with</span><span style=\"--shiki-light:#50A14F;--shiki-dark:#98C379\"> no-ff</span></span>\n<span class=\"line\"><span style=\"--shiki-light:#4078F2;--shiki-dark:#61AFEF\">f52c633</span><span style=\"--shiki-light:#50A14F;--shiki-dark:#98C379\"> add</span><span style=\"--shiki-light:#50A14F;--shiki-dark:#98C379\"> merge</span></span>\n<span class=\"line\"><span style=\"--shiki-light:#4078F2;--shiki-dark:#61AFEF\">cf810e4</span><span style=\"--shiki-light:#50A14F;--shiki-dark:#98C379\"> conflict</span><span style=\"--shiki-light:#50A14F;--shiki-dark:#98C379\"> fixed</span></span>\n<span class=\"line\"><span style=\"--shiki-light:#4078F2;--shiki-dark:#61AFEF\">5dc6824</span><span style=\"--shiki-light:#383A42;--shiki-dark:#ABB2BF\"> &#x26; </span><span style=\"--shiki-light:#4078F2;--shiki-dark:#61AFEF\">simple</span></span>\n<span class=\"line\"><span style=\"--shiki-light:#4078F2;--shiki-dark:#61AFEF\">14096d0</span><span style=\"--shiki-light:#50A14F;--shiki-dark:#98C379\"> AND</span><span style=\"--shiki-light:#50A14F;--shiki-dark:#98C379\"> simple</span></span>\n<span class=\"line\"><span style=\"--shiki-light:#4078F2;--shiki-dark:#61AFEF\">b17d20e</span><span style=\"--shiki-light:#50A14F;--shiki-dark:#98C379\"> branch</span><span style=\"--shiki-light:#50A14F;--shiki-dark:#98C379\"> test</span></span>\n<span class=\"line\"><span style=\"--shiki-light:#4078F2;--shiki-dark:#61AFEF\">d46f35e</span><span style=\"--shiki-light:#50A14F;--shiki-dark:#98C379\"> remove</span><span style=\"--shiki-light:#50A14F;--shiki-dark:#98C379\"> test.txt</span></span>\n<span class=\"line\"><span style=\"--shiki-light:#4078F2;--shiki-dark:#61AFEF\">b84166e</span><span style=\"--shiki-light:#50A14F;--shiki-dark:#98C379\"> add</span><span style=\"--shiki-light:#50A14F;--shiki-dark:#98C379\"> test.txt</span></span>\n<span class=\"line\"><span style=\"--shiki-light:#4078F2;--shiki-dark:#61AFEF\">519219b</span><span style=\"--shiki-light:#50A14F;--shiki-dark:#98C379\"> git</span><span style=\"--shiki-light:#50A14F;--shiki-dark:#98C379\"> tracks</span><span style=\"--shiki-light:#50A14F;--shiki-dark:#98C379\"> changes</span></span>\n<span class=\"line\"><span style=\"--shiki-light:#4078F2;--shiki-dark:#61AFEF\">e43a48b</span><span style=\"--shiki-light:#50A14F;--shiki-dark:#98C379\"> understand</span><span style=\"--shiki-light:#50A14F;--shiki-dark:#98C379\"> how</span><span style=\"--shiki-light:#50A14F;--shiki-dark:#98C379\"> stage</span><span style=\"--shiki-light:#50A14F;--shiki-dark:#98C379\"> works</span></span>\n<span class=\"line\"><span style=\"--shiki-light:#4078F2;--shiki-dark:#61AFEF\">1094adb</span><span style=\"--shiki-light:#50A14F;--shiki-dark:#98C379\"> append</span><span style=\"--shiki-light:#50A14F;--shiki-dark:#98C379\"> GPL</span></span>\n<span class=\"line\"><span style=\"--shiki-light:#4078F2;--shiki-dark:#61AFEF\">e475afc</span><span style=\"--shiki-light:#50A14F;--shiki-dark:#98C379\"> add</span><span style=\"--shiki-light:#50A14F;--shiki-dark:#98C379\"> distributed</span></span>\n<span class=\"line\"><span style=\"--shiki-light:#4078F2;--shiki-dark:#61AFEF\">eaadf4e</span><span style=\"--shiki-light:#50A14F;--shiki-dark:#98C379\"> wrote</span><span style=\"--shiki-light:#50A14F;--shiki-dark:#98C379\"> a</span><span style=\"--shiki-light:#50A14F;--shiki-dark:#98C379\"> readme</span><span style=\"--shiki-light:#50A14F;--shiki-dark:#98C379\"> file</span></span></code></pre>\n<div class=\"line-numbers\" aria-hidden=\"true\" style=\"counter-reset:line-number 0\"><div class=\"line-number\"></div><div class=\"line-number\"></div><div class=\"line-number\"></div><div class=\"line-number\"></div><div class=\"line-number\"></div><div class=\"line-number\"></div><div class=\"line-number\"></div><div class=\"line-number\"></div><div class=\"line-number\"></div><div class=\"line-number\"></div><div class=\"line-number\"></div><div class=\"line-number\"></div><div class=\"line-number\"></div><div class=\"line-number\"></div><div class=\"line-number\"></div><div class=\"line-number\"></div></div></div><p>比方说要对 <code v-pre>add merge</code> 这次提交打标签，它对应的 <code v-pre>commit id</code> 是 <code v-pre>f52c633</code>，敲入命令:</p>\n<div class=\"language-sh\" data-highlighter=\"shiki\" data-ext=\"sh\" data-title=\"sh\" style=\"--shiki-light:#383A42;--shiki-dark:#abb2bf;--shiki-light-bg:#FAFAFA;--shiki-dark-bg:#282c34\"><pre v-pre class=\"shiki shiki-themes one-light one-dark-pro vp-code\"><code><span class=\"line\"><span style=\"--shiki-light:#4078F2;--shiki-dark:#61AFEF\">$</span><span style=\"--shiki-light:#50A14F;--shiki-dark:#98C379\"> git</span><span style=\"--shiki-light:#50A14F;--shiki-dark:#98C379\"> tag</span><span style=\"--shiki-light:#50A14F;--shiki-dark:#98C379\"> v0.9</span><span style=\"--shiki-light:#50A14F;--shiki-dark:#98C379\"> f52c633</span></span>\n<span class=\"line\"><span style=\"--shiki-light:#4078F2;--shiki-dark:#61AFEF\">--no</span><span style=\"--shiki-light:#50A14F;--shiki-dark:#98C379\"> output</span><span style=\"--shiki-light:#986801;--shiki-dark:#D19A66\"> --</span></span></code></pre>\n</div><p>再用命令 <code v-pre>git tag</code> 查看标签:</p>\n<div class=\"language-sh\" data-highlighter=\"shiki\" data-ext=\"sh\" data-title=\"sh\" style=\"--shiki-light:#383A42;--shiki-dark:#abb2bf;--shiki-light-bg:#FAFAFA;--shiki-dark-bg:#282c34\"><pre v-pre class=\"shiki shiki-themes one-light one-dark-pro vp-code\"><code><span class=\"line\"><span style=\"--shiki-light:#4078F2;--shiki-dark:#61AFEF\">$</span><span style=\"--shiki-light:#50A14F;--shiki-dark:#98C379\"> git</span><span style=\"--shiki-light:#50A14F;--shiki-dark:#98C379\"> tag</span></span>\n<span class=\"line\"><span style=\"--shiki-light:#4078F2;--shiki-dark:#61AFEF\">v0.9</span></span>\n<span class=\"line\"><span style=\"--shiki-light:#4078F2;--shiki-dark:#61AFEF\">v1.0</span></span></code></pre>\n</div><p>注意，标签不是按时间顺序列出，而是按字母排序的。可以用 <code v-pre>git show &lt;tagname&gt;</code> 查看标签信息:</p>\n<div class=\"language-sh\" data-highlighter=\"shiki\" data-ext=\"sh\" data-title=\"sh\" style=\"--shiki-light:#383A42;--shiki-dark:#abb2bf;--shiki-light-bg:#FAFAFA;--shiki-dark-bg:#282c34\"><pre v-pre class=\"shiki shiki-themes one-light one-dark-pro vp-code\"><code><span class=\"line\"><span style=\"--shiki-light:#4078F2;--shiki-dark:#61AFEF\">$</span><span style=\"--shiki-light:#50A14F;--shiki-dark:#98C379\"> git</span><span style=\"--shiki-light:#50A14F;--shiki-dark:#98C379\"> show</span><span style=\"--shiki-light:#50A14F;--shiki-dark:#98C379\"> v0.9</span></span>\n<span class=\"line\"><span style=\"--shiki-light:#4078F2;--shiki-dark:#61AFEF\">commit</span><span style=\"--shiki-light:#50A14F;--shiki-dark:#98C379\"> f52c63349bc3c1593499807e5c8e972b82c8f286</span><span style=\"--shiki-light:#383A42;--shiki-dark:#ABB2BF\"> (tag: </span><span style=\"--shiki-light:#50A14F;--shiki-dark:#98C379\">v0.9</span><span style=\"--shiki-light:#383A42;--shiki-dark:#ABB2BF\">)</span></span>\n<span class=\"line\"><span style=\"--shiki-light:#4078F2;--shiki-dark:#61AFEF\">Author:</span><span style=\"--shiki-light:#50A14F;--shiki-dark:#98C379\"> Michael</span><span style=\"--shiki-light:#50A14F;--shiki-dark:#98C379\"> Liao</span><span style=\"--shiki-light:#383A42;--shiki-dark:#ABB2BF\"> &#x3C;</span><span style=\"--shiki-light:#50A14F;--shiki-dark:#98C379\">askxuefeng@gmail.co</span><span style=\"--shiki-light:#383A42;--shiki-dark:#ABB2BF\">m></span></span>\n<span class=\"line\"><span style=\"--shiki-light:#4078F2;--shiki-dark:#61AFEF\">Date:</span><span style=\"--shiki-light:#50A14F;--shiki-dark:#98C379\">   Fri</span><span style=\"--shiki-light:#50A14F;--shiki-dark:#98C379\"> May</span><span style=\"--shiki-light:#986801;--shiki-dark:#D19A66\"> 18</span><span style=\"--shiki-light:#50A14F;--shiki-dark:#98C379\"> 21:56:54</span><span style=\"--shiki-light:#986801;--shiki-dark:#D19A66\"> 2018</span><span style=\"--shiki-light:#50A14F;--shiki-dark:#98C379\"> +0800</span></span>\n<span class=\"line\"></span>\n<span class=\"line\"><span style=\"--shiki-light:#4078F2;--shiki-dark:#61AFEF\">    add</span><span style=\"--shiki-light:#50A14F;--shiki-dark:#98C379\"> merge</span></span>\n<span class=\"line\"></span>\n<span class=\"line\"><span style=\"--shiki-light:#4078F2;--shiki-dark:#61AFEF\">diff</span><span style=\"--shiki-light:#986801;--shiki-dark:#D19A66\"> --git</span><span style=\"--shiki-light:#50A14F;--shiki-dark:#98C379\"> a/readme.txt</span><span style=\"--shiki-light:#50A14F;--shiki-dark:#98C379\"> b/readme.txt</span></span>\n<span class=\"line\"><span style=\"--shiki-light:#0184BC;--shiki-dark:#56B6C2\">...</span></span></code></pre>\n</div><p>可以看到，<code v-pre>v0.9</code> 确实打在 <code v-pre>add merge</code> 这次提交上。</p>\n<h2 id=\"附注标签\" tabindex=\"-1\"><a class=\"header-anchor\" href=\"#附注标签\"><span>附注标签</span></a></h2>\n<p>Git 还可以创建带有说明的标签，用 <code v-pre>-a</code> 指定标签名，<code v-pre>-m</code> 指定说明文字:</p>\n<div class=\"language-sh\" data-highlighter=\"shiki\" data-ext=\"sh\" data-title=\"sh\" style=\"--shiki-light:#383A42;--shiki-dark:#abb2bf;--shiki-light-bg:#FAFAFA;--shiki-dark-bg:#282c34\"><pre v-pre class=\"shiki shiki-themes one-light one-dark-pro vp-code\"><code><span class=\"line\"><span style=\"--shiki-light:#4078F2;--shiki-dark:#61AFEF\">$</span><span style=\"--shiki-light:#50A14F;--shiki-dark:#98C379\"> git</span><span style=\"--shiki-light:#50A14F;--shiki-dark:#98C379\"> tag</span><span style=\"--shiki-light:#986801;--shiki-dark:#D19A66\"> -a</span><span style=\"--shiki-light:#50A14F;--shiki-dark:#98C379\"> v0.1</span><span style=\"--shiki-light:#986801;--shiki-dark:#D19A66\"> -m</span><span style=\"--shiki-light:#50A14F;--shiki-dark:#98C379\"> \"version 0.1 released\"</span><span style=\"--shiki-light:#50A14F;--shiki-dark:#98C379\"> 1094adb</span></span>\n<span class=\"line\"><span style=\"--shiki-light:#4078F2;--shiki-dark:#61AFEF\">--no</span><span style=\"--shiki-light:#50A14F;--shiki-dark:#98C379\"> output</span><span style=\"--shiki-light:#986801;--shiki-dark:#D19A66\"> --</span></span></code></pre>\n</div><p>用命令 <code v-pre>git show &lt;tagname&gt;</code> 可以看到说明文字:</p>\n<div class=\"language-sh line-numbers-mode\" data-highlighter=\"shiki\" data-ext=\"sh\" data-title=\"sh\" style=\"--shiki-light:#383A42;--shiki-dark:#abb2bf;--shiki-light-bg:#FAFAFA;--shiki-dark-bg:#282c34\"><pre v-pre class=\"shiki shiki-themes one-light one-dark-pro vp-code\"><code><span class=\"line\"><span style=\"--shiki-light:#4078F2;--shiki-dark:#61AFEF\">$</span><span style=\"--shiki-light:#50A14F;--shiki-dark:#98C379\"> git</span><span style=\"--shiki-light:#50A14F;--shiki-dark:#98C379\"> show</span><span style=\"--shiki-light:#50A14F;--shiki-dark:#98C379\"> v0.1</span></span>\n<span class=\"line\"><span style=\"--shiki-light:#4078F2;--shiki-dark:#61AFEF\">tag</span><span style=\"--shiki-light:#50A14F;--shiki-dark:#98C379\"> v0.1</span></span>\n<span class=\"line\"><span style=\"--shiki-light:#4078F2;--shiki-dark:#61AFEF\">Tagger:</span><span style=\"--shiki-light:#50A14F;--shiki-dark:#98C379\"> Michael</span><span style=\"--shiki-light:#50A14F;--shiki-dark:#98C379\"> Liao</span><span style=\"--shiki-light:#383A42;--shiki-dark:#ABB2BF\"> &#x3C;</span><span style=\"--shiki-light:#50A14F;--shiki-dark:#98C379\">askxuefeng@gmail.co</span><span style=\"--shiki-light:#383A42;--shiki-dark:#ABB2BF\">m></span></span>\n<span class=\"line\"><span style=\"--shiki-light:#4078F2;--shiki-dark:#61AFEF\">Date:</span><span style=\"--shiki-light:#50A14F;--shiki-dark:#98C379\">   Fri</span><span style=\"--shiki-light:#50A14F;--shiki-dark:#98C379\"> May</span><span style=\"--shiki-light:#986801;--shiki-dark:#D19A66\"> 18</span><span style=\"--shiki-light:#50A14F;--shiki-dark:#98C379\"> 22:48:43</span><span style=\"--shiki-light:#986801;--shiki-dark:#D19A66\"> 2018</span><span style=\"--shiki-light:#50A14F;--shiki-dark:#98C379\"> +0800</span></span>\n<span class=\"line\"></span>\n<span class=\"line\"><span style=\"--shiki-light:#4078F2;--shiki-dark:#61AFEF\">version</span><span style=\"--shiki-light:#986801;--shiki-dark:#D19A66\"> 0.1</span><span style=\"--shiki-light:#50A14F;--shiki-dark:#98C379\"> released</span></span>\n<span class=\"line\"></span>\n<span class=\"line\"><span style=\"--shiki-light:#4078F2;--shiki-dark:#61AFEF\">commit</span><span style=\"--shiki-light:#50A14F;--shiki-dark:#98C379\"> 1094adb7b9b3807259d8cb349e7df1d4d6477073</span><span style=\"--shiki-light:#383A42;--shiki-dark:#ABB2BF\"> (tag: </span><span style=\"--shiki-light:#50A14F;--shiki-dark:#98C379\">v0.1</span><span style=\"--shiki-light:#383A42;--shiki-dark:#ABB2BF\">)</span></span>\n<span class=\"line\"><span style=\"--shiki-light:#4078F2;--shiki-dark:#61AFEF\">Author:</span><span style=\"--shiki-light:#50A14F;--shiki-dark:#98C379\"> Michael</span><span style=\"--shiki-light:#50A14F;--shiki-dark:#98C379\"> Liao</span><span style=\"--shiki-light:#383A42;--shiki-dark:#ABB2BF\"> &#x3C;</span><span style=\"--shiki-light:#50A14F;--shiki-dark:#98C379\">askxuefeng@gmail.co</span><span style=\"--shiki-light:#383A42;--shiki-dark:#ABB2BF\">m></span></span>\n<span class=\"line\"><span style=\"--shiki-light:#4078F2;--shiki-dark:#61AFEF\">Date:</span><span style=\"--shiki-light:#50A14F;--shiki-dark:#98C379\">   Fri</span><span style=\"--shiki-light:#50A14F;--shiki-dark:#98C379\"> May</span><span style=\"--shiki-light:#986801;--shiki-dark:#D19A66\"> 18</span><span style=\"--shiki-light:#50A14F;--shiki-dark:#98C379\"> 21:06:15</span><span style=\"--shiki-light:#986801;--shiki-dark:#D19A66\"> 2018</span><span style=\"--shiki-light:#50A14F;--shiki-dark:#98C379\"> +0800</span></span>\n<span class=\"line\"></span>\n<span class=\"line\"><span style=\"--shiki-light:#4078F2;--shiki-dark:#61AFEF\">    append</span><span style=\"--shiki-light:#50A14F;--shiki-dark:#98C379\"> GPL</span></span>\n<span class=\"line\"></span>\n<span class=\"line\"><span style=\"--shiki-light:#4078F2;--shiki-dark:#61AFEF\">diff</span><span style=\"--shiki-light:#986801;--shiki-dark:#D19A66\"> --git</span><span style=\"--shiki-light:#50A14F;--shiki-dark:#98C379\"> a/readme.txt</span><span style=\"--shiki-light:#50A14F;--shiki-dark:#98C379\"> b/readme.txt</span></span>\n<span class=\"line\"><span style=\"--shiki-light:#0184BC;--shiki-dark:#56B6C2\">...</span></span></code></pre>\n<div class=\"line-numbers\" aria-hidden=\"true\" style=\"counter-reset:line-number 0\"><div class=\"line-number\"></div><div class=\"line-number\"></div><div class=\"line-number\"></div><div class=\"line-number\"></div><div class=\"line-number\"></div><div class=\"line-number\"></div><div class=\"line-number\"></div><div class=\"line-number\"></div><div class=\"line-number\"></div><div class=\"line-number\"></div><div class=\"line-number\"></div><div class=\"line-number\"></div><div class=\"line-number\"></div><div class=\"line-number\"></div><div class=\"line-number\"></div></div></div><div class=\"hint-container tip\">\n<p class=\"hint-container-title\">提示</p>\n<p>标签总是和某个 commit 挂钩。如果这个 commit 既出现在 master 分支，又出现在 dev 分支，那么在这两个分支上都可以看到这个标签。</p>\n</div>\n<h3 id=\"添加小结\" tabindex=\"-1\"><a class=\"header-anchor\" href=\"#添加小结\"><span>添加小结</span></a></h3>\n<p>命令 <code v-pre>git tag &lt;tagname&gt;</code> 用于新建一个标签，默认为 <code v-pre>HEAD</code>，也可以指定一个 <code v-pre>commit id</code>；</p>\n<p>命令 <code v-pre>git tag -a &lt;tagname&gt; -m &quot;blablabla...&quot;</code> 可以指定标签信息；</p>\n<p>命令 <code v-pre>git tag</code> 可以查看所有标签。</p>\n<h2 id=\"操作标签\" tabindex=\"-1\"><a class=\"header-anchor\" href=\"#操作标签\"><span>操作标签</span></a></h2>\n<p>如果标签打错了，也可以删除:</p>\n<div class=\"language-sh\" data-highlighter=\"shiki\" data-ext=\"sh\" data-title=\"sh\" style=\"--shiki-light:#383A42;--shiki-dark:#abb2bf;--shiki-light-bg:#FAFAFA;--shiki-dark-bg:#282c34\"><pre v-pre class=\"shiki shiki-themes one-light one-dark-pro vp-code\"><code><span class=\"line\"><span style=\"--shiki-light:#4078F2;--shiki-dark:#61AFEF\">$</span><span style=\"--shiki-light:#50A14F;--shiki-dark:#98C379\"> git</span><span style=\"--shiki-light:#50A14F;--shiki-dark:#98C379\"> tag</span><span style=\"--shiki-light:#986801;--shiki-dark:#D19A66\"> -d</span><span style=\"--shiki-light:#50A14F;--shiki-dark:#98C379\"> v0.1</span></span>\n<span class=\"line\"><span style=\"--shiki-light:#4078F2;--shiki-dark:#61AFEF\">Deleted</span><span style=\"--shiki-light:#50A14F;--shiki-dark:#98C379\"> tag</span><span style=\"--shiki-light:#50A14F;--shiki-dark:#98C379\"> 'v0.1'</span><span style=\"--shiki-light:#383A42;--shiki-dark:#ABB2BF\"> (was </span><span style=\"--shiki-light:#50A14F;--shiki-dark:#98C379\">f15b0dd</span><span style=\"--shiki-light:#383A42;--shiki-dark:#ABB2BF\">)</span><span style=\"--shiki-light:#0184BC;--shiki-dark:#56B6C2\">\\</span></span></code></pre>\n</div><p>因为创建的标签都只存储在本地，不会自动推送到远程。所以，打错的标签可以在本地安全删除。</p>\n<p>如果要推送某个标签到远程，使用命令 <code v-pre>git push origin &lt;tagname&gt;</code>:</p>\n<div class=\"language-sh\" data-highlighter=\"shiki\" data-ext=\"sh\" data-title=\"sh\" style=\"--shiki-light:#383A42;--shiki-dark:#abb2bf;--shiki-light-bg:#FAFAFA;--shiki-dark-bg:#282c34\"><pre v-pre class=\"shiki shiki-themes one-light one-dark-pro vp-code\"><code><span class=\"line\"><span style=\"--shiki-light:#4078F2;--shiki-dark:#61AFEF\">$</span><span style=\"--shiki-light:#50A14F;--shiki-dark:#98C379\"> git</span><span style=\"--shiki-light:#50A14F;--shiki-dark:#98C379\"> push</span><span style=\"--shiki-light:#50A14F;--shiki-dark:#98C379\"> origin</span><span style=\"--shiki-light:#50A14F;--shiki-dark:#98C379\"> v1.0</span></span>\n<span class=\"line\"><span style=\"--shiki-light:#4078F2;--shiki-dark:#61AFEF\">Total</span><span style=\"--shiki-light:#986801;--shiki-dark:#D19A66\"> 0</span><span style=\"--shiki-light:#383A42;--shiki-dark:#ABB2BF\"> (delta </span><span style=\"--shiki-light:#986801;--shiki-dark:#D19A66\">0</span><span style=\"--shiki-light:#383A42;--shiki-dark:#ABB2BF\">), reused 0 (</span><span style=\"--shiki-light:#4078F2;--shiki-dark:#61AFEF\">delta</span><span style=\"--shiki-light:#986801;--shiki-dark:#D19A66\"> 0</span><span style=\"--shiki-light:#383A42;--shiki-dark:#ABB2BF\">)</span></span>\n<span class=\"line\"><span style=\"--shiki-light:#4078F2;--shiki-dark:#61AFEF\">To</span><span style=\"--shiki-light:#50A14F;--shiki-dark:#98C379\"> github.com:Hope-Studio/learngit.git</span></span>\n<span class=\"line\"><span style=\"--shiki-light:#4078F2;--shiki-dark:#61AFEF\"> *</span><span style=\"--shiki-light:#383A42;--shiki-dark:#ABB2BF\"> [new </span><span style=\"--shiki-light:#50A14F;--shiki-dark:#98C379\">tag]</span><span style=\"--shiki-light:#50A14F;--shiki-dark:#98C379\">         v1.0</span><span style=\"--shiki-light:#383A42;--shiki-dark:#ABB2BF\"> -> </span><span style=\"--shiki-light:#50A14F;--shiki-dark:#98C379\">v1.0</span></span></code></pre>\n</div><p>或者，一次性推送全部尚未推送到远程的本地标签:</p>\n<div class=\"language-sh\" data-highlighter=\"shiki\" data-ext=\"sh\" data-title=\"sh\" style=\"--shiki-light:#383A42;--shiki-dark:#abb2bf;--shiki-light-bg:#FAFAFA;--shiki-dark-bg:#282c34\"><pre v-pre class=\"shiki shiki-themes one-light one-dark-pro vp-code\"><code><span class=\"line\"><span style=\"--shiki-light:#4078F2;--shiki-dark:#61AFEF\">$</span><span style=\"--shiki-light:#50A14F;--shiki-dark:#98C379\"> git</span><span style=\"--shiki-light:#50A14F;--shiki-dark:#98C379\"> push</span><span style=\"--shiki-light:#50A14F;--shiki-dark:#98C379\"> origin</span><span style=\"--shiki-light:#986801;--shiki-dark:#D19A66\"> --tags</span></span>\n<span class=\"line\"><span style=\"--shiki-light:#4078F2;--shiki-dark:#61AFEF\">Total</span><span style=\"--shiki-light:#986801;--shiki-dark:#D19A66\"> 0</span><span style=\"--shiki-light:#383A42;--shiki-dark:#ABB2BF\"> (delta </span><span style=\"--shiki-light:#986801;--shiki-dark:#D19A66\">0</span><span style=\"--shiki-light:#383A42;--shiki-dark:#ABB2BF\">), reused 0 (</span><span style=\"--shiki-light:#4078F2;--shiki-dark:#61AFEF\">delta</span><span style=\"--shiki-light:#986801;--shiki-dark:#D19A66\"> 0</span><span style=\"--shiki-light:#383A42;--shiki-dark:#ABB2BF\">)</span></span>\n<span class=\"line\"><span style=\"--shiki-light:#4078F2;--shiki-dark:#61AFEF\">To</span><span style=\"--shiki-light:#50A14F;--shiki-dark:#98C379\"> github.com:Hope-Studio/learngit.git</span></span>\n<span class=\"line\"><span style=\"--shiki-light:#4078F2;--shiki-dark:#61AFEF\"> *</span><span style=\"--shiki-light:#383A42;--shiki-dark:#ABB2BF\"> [new </span><span style=\"--shiki-light:#50A14F;--shiki-dark:#98C379\">tag]</span><span style=\"--shiki-light:#50A14F;--shiki-dark:#98C379\">         v0.9</span><span style=\"--shiki-light:#383A42;--shiki-dark:#ABB2BF\"> -> </span><span style=\"--shiki-light:#50A14F;--shiki-dark:#98C379\">v0.9</span></span></code></pre>\n</div><p>如果标签已经推送到远程，要删除远程标签就麻烦一点，先从本地删除:</p>\n<div class=\"language-sh\" data-highlighter=\"shiki\" data-ext=\"sh\" data-title=\"sh\" style=\"--shiki-light:#383A42;--shiki-dark:#abb2bf;--shiki-light-bg:#FAFAFA;--shiki-dark-bg:#282c34\"><pre v-pre class=\"shiki shiki-themes one-light one-dark-pro vp-code\"><code><span class=\"line\"><span style=\"--shiki-light:#4078F2;--shiki-dark:#61AFEF\">$</span><span style=\"--shiki-light:#50A14F;--shiki-dark:#98C379\"> git</span><span style=\"--shiki-light:#50A14F;--shiki-dark:#98C379\"> tag</span><span style=\"--shiki-light:#986801;--shiki-dark:#D19A66\"> -d</span><span style=\"--shiki-light:#50A14F;--shiki-dark:#98C379\"> v0.9</span></span>\n<span class=\"line\"><span style=\"--shiki-light:#4078F2;--shiki-dark:#61AFEF\">Deleted</span><span style=\"--shiki-light:#50A14F;--shiki-dark:#98C379\"> tag</span><span style=\"--shiki-light:#50A14F;--shiki-dark:#98C379\"> 'v0.9'</span><span style=\"--shiki-light:#383A42;--shiki-dark:#ABB2BF\"> (was </span><span style=\"--shiki-light:#50A14F;--shiki-dark:#98C379\">f52c633</span><span style=\"--shiki-light:#383A42;--shiki-dark:#ABB2BF\">)</span></span></code></pre>\n</div><p>然后，从远程删除。删除命令也是 push，但是格式如下:</p>\n<div class=\"language-sh\" data-highlighter=\"shiki\" data-ext=\"sh\" data-title=\"sh\" style=\"--shiki-light:#383A42;--shiki-dark:#abb2bf;--shiki-light-bg:#FAFAFA;--shiki-dark-bg:#282c34\"><pre v-pre class=\"shiki shiki-themes one-light one-dark-pro vp-code\"><code><span class=\"line\"><span style=\"--shiki-light:#4078F2;--shiki-dark:#61AFEF\">$</span><span style=\"--shiki-light:#50A14F;--shiki-dark:#98C379\"> git</span><span style=\"--shiki-light:#50A14F;--shiki-dark:#98C379\"> push</span><span style=\"--shiki-light:#50A14F;--shiki-dark:#98C379\"> origin</span><span style=\"--shiki-light:#50A14F;--shiki-dark:#98C379\"> :refs/tags/v0.9</span></span>\n<span class=\"line\"><span style=\"--shiki-light:#4078F2;--shiki-dark:#61AFEF\">To</span><span style=\"--shiki-light:#50A14F;--shiki-dark:#98C379\"> github.com:Hope-Studio/learngit.git</span></span>\n<span class=\"line\"><span style=\"--shiki-light:#4078F2;--shiki-dark:#61AFEF\"> -</span><span style=\"--shiki-light:#383A42;--shiki-dark:#ABB2BF\"> [deleted]         v0.9</span></span></code></pre>\n</div><p>要看看是否真的从远程库删除了标签，可以登陆 GitHub 查看。</p>\n<h3 id=\"管理标签小结\" tabindex=\"-1\"><a class=\"header-anchor\" href=\"#管理标签小结\"><span>管理标签小结</span></a></h3>\n<ul>\n<li>\n<p>命令 <code v-pre>git push origin &lt;tagname&gt;</code> 可以推送一个本地标签；</p>\n</li>\n<li>\n<p>命令 <code v-pre>git push origin --tags</code> 可以推送全部未推送过的本地标签；</p>\n</li>\n<li>\n<p>命令 <code v-pre>git tag -d &lt;tagname&gt;</code> 可以删除一个本地标签；</p>\n</li>\n<li>\n<p>命令 <code v-pre>git push origin :refs/tags/&lt;tagname&gt;</code> 可以删除一个远程标签。</p>\n</li>\n</ul>\n","tagOpen":"<template>","tagClose":"</template>"},"script":null,"scriptSetup":null,"scripts":[],"styles":[],"customBlocks":[]},"content":"\n## 为什么要有 tag\n\n发布一个版本时，我们通常先在版本库中打一个标签 (`tag`)，这样，就唯一确定了打标签时刻的版本。将来无论什么时候，取某个标签的版本，就是把那个打标签的时刻的历史版本取出来。所以，标签也是版本库的一个快照。\n\nGit 的标签虽然是版本库的快照，但其实它就是指向某个 `commit` 的指针(跟分支很像对不对? 但是分支可以移动，标签不能移动)，所以，创建和删除标签都是瞬间完成的。\n\nGit 有 `commit`，为什么还要引入 `tag`?\n\n“请把上周一的那个版本打包发布，`commit` 号是 6a5819e...”\n\n“一串乱七八糟的数字不好找! ”\n\n如果换一个办法:\n\n“请把上周一的那个版本打包发布，版本号是 `v1.2`”\n\n“好的，按照 `tag v1.2` 查找 `commit` 就行! ”\n\n所以，`tag` 就是一个让人容易记住的有意义的名字，它跟某个 `commit` 绑在一起。\n\n::: tip\n\n推荐的标签规范是以小写字母 `v` 开头，后接 `x.x` 或 `x.x.x` 等若干位版本号。\n\n:::\n\n## 创建轻量标签\n\n在 Git 中打标签非常简单，首先，切换到需要打标签的分支上:\n\n```sh\n$ git branch\n* dev\n  master\n$ git checkout master\nSwitched to branch 'master'\n```\n\n然后，敲命令 `git tag <name>` 就可以打一个新标签:\n\n```sh\n$ git tag v1.0\n-- no output --\n```\n\n可以用命令 `git tag` 查看所有标签:\n\n```sh\n$ git tag\nv1.0\n```\n\n默认标签是打在最新提交的 `commit` 上的。有时候，如果忘了打标签，比如，现在已经是周五了，但应该在周一打的标签没有打，怎么办?\n\n方法是找到历史提交的 `commit id`，然后打上就可以了:\n\n```sh\n$ git log --pretty=oneline --abbrev-commit\n12a631b (HEAD -> master, tag: v1.0, origin/master) merged bug fix 101\n4c805e2 fix bug 101\ne1e9c68 merge with no-ff\nf52c633 add merge\ncf810e4 conflict fixed\n5dc6824 & simple\n14096d0 AND simple\nb17d20e branch test\nd46f35e remove test.txt\nb84166e add test.txt\n519219b git tracks changes\ne43a48b understand how stage works\n1094adb append GPL\ne475afc add distributed\neaadf4e wrote a readme file\n```\n\n比方说要对 `add merge` 这次提交打标签，它对应的 `commit id` 是 `f52c633`，敲入命令:\n\n```sh\n$ git tag v0.9 f52c633\n--no output --\n```\n\n再用命令 `git tag` 查看标签:\n\n```sh\n$ git tag\nv0.9\nv1.0\n```\n\n注意，标签不是按时间顺序列出，而是按字母排序的。可以用 `git show <tagname>` 查看标签信息:\n\n```sh\n$ git show v0.9\ncommit f52c63349bc3c1593499807e5c8e972b82c8f286 (tag: v0.9)\nAuthor: Michael Liao <askxuefeng@gmail.com>\nDate:   Fri May 18 21:56:54 2018 +0800\n\n    add merge\n\ndiff --git a/readme.txt b/readme.txt\n...\n```\n\n可以看到，`v0.9` 确实打在 `add merge` 这次提交上。\n\n## 附注标签\n\nGit 还可以创建带有说明的标签，用 `-a` 指定标签名，`-m` 指定说明文字:\n\n```sh\n$ git tag -a v0.1 -m \"version 0.1 released\" 1094adb\n--no output --\n```\n\n用命令 `git show <tagname>` 可以看到说明文字:\n\n```sh\n$ git show v0.1\ntag v0.1\nTagger: Michael Liao <askxuefeng@gmail.com>\nDate:   Fri May 18 22:48:43 2018 +0800\n\nversion 0.1 released\n\ncommit 1094adb7b9b3807259d8cb349e7df1d4d6477073 (tag: v0.1)\nAuthor: Michael Liao <askxuefeng@gmail.com>\nDate:   Fri May 18 21:06:15 2018 +0800\n\n    append GPL\n\ndiff --git a/readme.txt b/readme.txt\n...\n```\n\n::: tip\n\n标签总是和某个 commit 挂钩。如果这个 commit 既出现在 master 分支，又出现在 dev 分支，那么在这两个分支上都可以看到这个标签。\n\n:::\n\n### 添加小结\n\n命令 `git tag <tagname>` 用于新建一个标签，默认为 `HEAD`，也可以指定一个 `commit id`；\n\n命令 `git tag -a <tagname> -m \"blablabla...\"` 可以指定标签信息；\n\n命令 `git tag` 可以查看所有标签。\n\n## 操作标签\n\n如果标签打错了，也可以删除:\n\n```sh\n$ git tag -d v0.1\nDeleted tag 'v0.1' (was f15b0dd)\\\n```\n\n因为创建的标签都只存储在本地，不会自动推送到远程。所以，打错的标签可以在本地安全删除。\n\n如果要推送某个标签到远程，使用命令 `git push origin <tagname>`:\n\n```sh\n$ git push origin v1.0\nTotal 0 (delta 0), reused 0 (delta 0)\nTo github.com:Hope-Studio/learngit.git\n * [new tag]         v1.0 -> v1.0\n```\n\n或者，一次性推送全部尚未推送到远程的本地标签:\n\n```sh\n$ git push origin --tags\nTotal 0 (delta 0), reused 0 (delta 0)\nTo github.com:Hope-Studio/learngit.git\n * [new tag]         v0.9 -> v0.9\n```\n\n如果标签已经推送到远程，要删除远程标签就麻烦一点，先从本地删除:\n\n```sh\n$ git tag -d v0.9\nDeleted tag 'v0.9' (was f52c633)\n```\n\n然后，从远程删除。删除命令也是 push，但是格式如下:\n\n```sh\n$ git push origin :refs/tags/v0.9\nTo github.com:Hope-Studio/learngit.git\n - [deleted]         v0.9\n```\n\n要看看是否真的从远程库删除了标签，可以登陆 GitHub 查看。\n\n### 管理标签小结\n\n- 命令 `git push origin <tagname>` 可以推送一个本地标签；\n\n- 命令 `git push origin --tags` 可以推送全部未推送过的本地标签；\n\n- 命令 `git tag -d <tagname>` 可以删除一个本地标签；\n\n- 命令 `git push origin :refs/tags/<tagname>` 可以删除一个远程标签。\n","excerpt":"","title":"","headers":[{"level":2,"title":"为什么要有 tag","slug":"为什么要有-tag","link":"#为什么要有-tag","children":[]},{"level":2,"title":"创建轻量标签","slug":"创建轻量标签","link":"#创建轻量标签","children":[]},{"level":2,"title":"附注标签","slug":"附注标签","link":"#附注标签","children":[{"level":3,"title":"添加小结","slug":"添加小结","link":"#添加小结","children":[]}]},{"level":2,"title":"操作标签","slug":"操作标签","link":"#操作标签","children":[{"level":3,"title":"管理标签小结","slug":"管理标签小结","link":"#管理标签小结","children":[]}]}]}}
