{"content":"<p>我们已经成功地添加并提交了一个 readme.txt 文件，继续修改 readme.txt 文件，改成如下内容:</p>\n<div class=\"language-md\" data-highlighter=\"shiki\" data-ext=\"md\" data-title=\"md\" style=\"--shiki-light:#383A42;--shiki-dark:#abb2bf;--shiki-light-bg:#FAFAFA;--shiki-dark-bg:#282c34\"><pre v-pre class=\"shiki shiki-themes one-light one-dark-pro vp-code\"><code><span class=\"line\"><span style=\"--shiki-light:#383A42;--shiki-dark:#ABB2BF\">Git is a distributed version control system.</span></span>\n<span class=\"line\"><span style=\"--shiki-light:#383A42;--shiki-dark:#ABB2BF\">Git is free software.</span></span></code></pre>\n</div><p>现在，运行 <code v-pre>git status</code> 命令看看结果:</p>\n<div class=\"language-sh\" data-highlighter=\"shiki\" data-ext=\"sh\" data-title=\"sh\" style=\"--shiki-light:#383A42;--shiki-dark:#abb2bf;--shiki-light-bg:#FAFAFA;--shiki-dark-bg:#282c34\"><pre v-pre class=\"shiki shiki-themes one-light one-dark-pro vp-code\"><code><span class=\"line\"><span style=\"--shiki-light:#4078F2;--shiki-dark:#61AFEF\">$</span><span style=\"--shiki-light:#50A14F;--shiki-dark:#98C379\"> git</span><span style=\"--shiki-light:#50A14F;--shiki-dark:#98C379\"> status</span></span>\n<span class=\"line\"><span style=\"--shiki-light:#4078F2;--shiki-dark:#61AFEF\">On</span><span style=\"--shiki-light:#50A14F;--shiki-dark:#98C379\"> branch</span><span style=\"--shiki-light:#50A14F;--shiki-dark:#98C379\"> master</span></span>\n<span class=\"line\"><span style=\"--shiki-light:#4078F2;--shiki-dark:#61AFEF\">Changes</span><span style=\"--shiki-light:#50A14F;--shiki-dark:#98C379\"> not</span><span style=\"--shiki-light:#50A14F;--shiki-dark:#98C379\"> staged</span><span style=\"--shiki-light:#50A14F;--shiki-dark:#98C379\"> for</span><span style=\"--shiki-light:#50A14F;--shiki-dark:#98C379\"> commit:</span></span>\n<span class=\"line\"><span style=\"--shiki-light:#383A42;--shiki-dark:#ABB2BF\">  (</span><span style=\"--shiki-light:#4078F2;--shiki-dark:#61AFEF\">use</span><span style=\"--shiki-light:#50A14F;--shiki-dark:#98C379\"> \"git add &#x3C;file>...\"</span><span style=\"--shiki-light:#50A14F;--shiki-dark:#98C379\"> to</span><span style=\"--shiki-light:#50A14F;--shiki-dark:#98C379\"> update</span><span style=\"--shiki-light:#50A14F;--shiki-dark:#98C379\"> what</span><span style=\"--shiki-light:#50A14F;--shiki-dark:#98C379\"> will</span><span style=\"--shiki-light:#50A14F;--shiki-dark:#98C379\"> be</span><span style=\"--shiki-light:#50A14F;--shiki-dark:#98C379\"> committed</span><span style=\"--shiki-light:#383A42;--shiki-dark:#ABB2BF\">)</span></span>\n<span class=\"line\"><span style=\"--shiki-light:#383A42;--shiki-dark:#ABB2BF\">  (</span><span style=\"--shiki-light:#4078F2;--shiki-dark:#61AFEF\">use</span><span style=\"--shiki-light:#50A14F;--shiki-dark:#98C379\"> \"git checkout -- &#x3C;file>...\"</span><span style=\"--shiki-light:#50A14F;--shiki-dark:#98C379\"> to</span><span style=\"--shiki-light:#50A14F;--shiki-dark:#98C379\"> discard</span><span style=\"--shiki-light:#50A14F;--shiki-dark:#98C379\"> changes</span><span style=\"--shiki-light:#50A14F;--shiki-dark:#98C379\"> in</span><span style=\"--shiki-light:#50A14F;--shiki-dark:#98C379\"> working</span><span style=\"--shiki-light:#50A14F;--shiki-dark:#98C379\"> directory</span><span style=\"--shiki-light:#383A42;--shiki-dark:#ABB2BF\">)</span></span>\n<span class=\"line\"></span>\n<span class=\"line\"><span style=\"--shiki-light:#4078F2;--shiki-dark:#61AFEF\">    modified:</span><span style=\"--shiki-light:#50A14F;--shiki-dark:#98C379\">   readme.txt</span></span>\n<span class=\"line\"></span>\n<span class=\"line\"><span style=\"--shiki-light:#4078F2;--shiki-dark:#61AFEF\">no</span><span style=\"--shiki-light:#50A14F;--shiki-dark:#98C379\"> changes</span><span style=\"--shiki-light:#50A14F;--shiki-dark:#98C379\"> added</span><span style=\"--shiki-light:#50A14F;--shiki-dark:#98C379\"> to</span><span style=\"--shiki-light:#50A14F;--shiki-dark:#98C379\"> commit</span><span style=\"--shiki-light:#383A42;--shiki-dark:#ABB2BF\"> (use </span><span style=\"--shiki-light:#50A14F;--shiki-dark:#98C379\">\"git add\"</span><span style=\"--shiki-light:#50A14F;--shiki-dark:#98C379\"> and/or</span><span style=\"--shiki-light:#50A14F;--shiki-dark:#98C379\"> \"git commit -a\"</span><span style=\"--shiki-light:#383A42;--shiki-dark:#ABB2BF\">)</span></span></code></pre>\n</div><p><code v-pre>git status</code> 命令可以输出仓库当前的状态，上面的命令输出告诉我们，readme.txt 被修改过了，但还没有准备提交的修改。</p>\n<div class=\"hint-container tip\">\n<p class=\"hint-container-title\">简介输出</p>\n<p><code v-pre>git status</code> 命令的输出十分详细，但其用语有些繁琐。Git 有一个选项可以帮您缩短状态命令的输出，这样可以以简洁的方式查看更改。如果您使用 <code v-pre>git status -s</code> 命令或 <code v-pre>git status --short</code> 命令，您将得到一种格式更为紧凑的输出。</p>\n<p>输出中有两栏，左栏指明了暂存区的状态，右栏指明了工作区的状态。</p>\n<p>新添加的未跟踪文件前面有 <code v-pre>??</code> 标记，新添加到暂存区中的文件前面有 <code v-pre>A</code> 标记，修改过的文件前面有 <code v-pre>M</code> 标记。</p>\n<details class=\"hint-container details\"><summary>案例</summary>\n<div class=\"language-sh\" data-highlighter=\"shiki\" data-ext=\"sh\" data-title=\"sh\" style=\"--shiki-light:#383A42;--shiki-dark:#abb2bf;--shiki-light-bg:#FAFAFA;--shiki-dark-bg:#282c34\"><pre v-pre class=\"shiki shiki-themes one-light one-dark-pro vp-code\"><code><span class=\"line\"><span style=\"--shiki-light:#4078F2;--shiki-dark:#61AFEF\">$</span><span style=\"--shiki-light:#50A14F;--shiki-dark:#98C379\"> git</span><span style=\"--shiki-light:#50A14F;--shiki-dark:#98C379\"> status</span><span style=\"--shiki-light:#986801;--shiki-dark:#D19A66\"> -s</span></span>\n<span class=\"line\"><span style=\"--shiki-light:#4078F2;--shiki-dark:#61AFEF\"> M</span><span style=\"--shiki-light:#50A14F;--shiki-dark:#98C379\"> README</span></span>\n<span class=\"line\"><span style=\"--shiki-light:#4078F2;--shiki-dark:#61AFEF\">MM</span><span style=\"--shiki-light:#50A14F;--shiki-dark:#98C379\"> Rakefile</span></span>\n<span class=\"line\"><span style=\"--shiki-light:#4078F2;--shiki-dark:#61AFEF\">A</span><span style=\"--shiki-light:#50A14F;--shiki-dark:#98C379\">  lib/git.rb</span></span>\n<span class=\"line\"><span style=\"--shiki-light:#4078F2;--shiki-dark:#61AFEF\">M</span><span style=\"--shiki-light:#50A14F;--shiki-dark:#98C379\">  lib/simplegit.rb</span></span>\n<span class=\"line\"><span style=\"--shiki-light:#383A42;--shiki-dark:#ABB2BF\">?? LICENSE.txt</span></span></code></pre>\n</div><p>上面的状态报告显示: <code v-pre>README</code> 文件在工作区已修改但尚未暂存，而 <code v-pre>lib/simplegit.rb</code> 文件已修改且已暂存。<code v-pre>Rakefile</code> 文件已修改，暂存后又作了修改，因此该文件的修改中既有已暂存的部分，又有未暂存的部分。</p>\n</details>\n</div>\n<p>Git 现在只告诉我们 readme.txt 被修改了，我们用 <code v-pre>git diff</code> 这个命令能看看具体修改了什么内容:</p>\n<div class=\"language-sh\" data-highlighter=\"shiki\" data-ext=\"sh\" data-title=\"sh\" style=\"--shiki-light:#383A42;--shiki-dark:#abb2bf;--shiki-light-bg:#FAFAFA;--shiki-dark-bg:#282c34\"><pre v-pre class=\"shiki shiki-themes one-light one-dark-pro vp-code\"><code><span class=\"line\"><span style=\"--shiki-light:#4078F2;--shiki-dark:#61AFEF\">$</span><span style=\"--shiki-light:#50A14F;--shiki-dark:#98C379\"> git</span><span style=\"--shiki-light:#50A14F;--shiki-dark:#98C379\"> diff</span><span style=\"--shiki-light:#50A14F;--shiki-dark:#98C379\"> readme.txt</span></span>\n<span class=\"line\"><span style=\"--shiki-light:#4078F2;--shiki-dark:#61AFEF\">diff</span><span style=\"--shiki-light:#986801;--shiki-dark:#D19A66\"> --git</span><span style=\"--shiki-light:#50A14F;--shiki-dark:#98C379\"> a/readme.txt</span><span style=\"--shiki-light:#50A14F;--shiki-dark:#98C379\"> b/readme.txt</span></span>\n<span class=\"line\"><span style=\"--shiki-light:#4078F2;--shiki-dark:#61AFEF\">index</span><span style=\"--shiki-light:#50A14F;--shiki-dark:#98C379\"> 46d49bf..9247db6</span><span style=\"--shiki-light:#986801;--shiki-dark:#D19A66\"> 100644</span></span>\n<span class=\"line\"><span style=\"--shiki-light:#4078F2;--shiki-dark:#61AFEF\">---</span><span style=\"--shiki-light:#50A14F;--shiki-dark:#98C379\"> a/readme.txt</span></span>\n<span class=\"line\"><span style=\"--shiki-light:#4078F2;--shiki-dark:#61AFEF\">+++</span><span style=\"--shiki-light:#50A14F;--shiki-dark:#98C379\"> b/readme.txt</span></span>\n<span class=\"line\"><span style=\"--shiki-light:#4078F2;--shiki-dark:#61AFEF\">@@</span><span style=\"--shiki-light:#986801;--shiki-dark:#D19A66\"> -1,2</span><span style=\"--shiki-light:#50A14F;--shiki-dark:#98C379\"> +1,2</span><span style=\"--shiki-light:#50A14F;--shiki-dark:#98C379\"> @@</span></span>\n<span class=\"line\"><span style=\"--shiki-light:#4078F2;--shiki-dark:#61AFEF\">-Git</span><span style=\"--shiki-light:#50A14F;--shiki-dark:#98C379\"> is</span><span style=\"--shiki-light:#50A14F;--shiki-dark:#98C379\"> a</span><span style=\"--shiki-light:#50A14F;--shiki-dark:#98C379\"> version</span><span style=\"--shiki-light:#50A14F;--shiki-dark:#98C379\"> control</span><span style=\"--shiki-light:#50A14F;--shiki-dark:#98C379\"> system.</span></span>\n<span class=\"line\"><span style=\"--shiki-light:#4078F2;--shiki-dark:#61AFEF\">+Git</span><span style=\"--shiki-light:#50A14F;--shiki-dark:#98C379\"> is</span><span style=\"--shiki-light:#50A14F;--shiki-dark:#98C379\"> a</span><span style=\"--shiki-light:#50A14F;--shiki-dark:#98C379\"> distributed</span><span style=\"--shiki-light:#50A14F;--shiki-dark:#98C379\"> version</span><span style=\"--shiki-light:#50A14F;--shiki-dark:#98C379\"> control</span><span style=\"--shiki-light:#50A14F;--shiki-dark:#98C379\"> system.</span></span>\n<span class=\"line\"><span style=\"--shiki-light:#4078F2;--shiki-dark:#61AFEF\"> Git</span><span style=\"--shiki-light:#50A14F;--shiki-dark:#98C379\"> is</span><span style=\"--shiki-light:#50A14F;--shiki-dark:#98C379\"> free</span><span style=\"--shiki-light:#50A14F;--shiki-dark:#98C379\"> software.</span></span></code></pre>\n</div><p><code v-pre>git diff</code> 顾名思义就是查看 difference，显示的格式正是 Unix 通用的 diff 格式，可以从上面的命令输出看到，我们在第一行添加了一个 distributed 单词。</p>\n<p>知道了对 readme.txt 作了什么修改后，再把它提交到仓库就放心多了，提交修改和提交新文件是一样的两步，第一步是 <code v-pre>git add</code>:</p>\n<div class=\"language-sh\" data-highlighter=\"shiki\" data-ext=\"sh\" data-title=\"sh\" style=\"--shiki-light:#383A42;--shiki-dark:#abb2bf;--shiki-light-bg:#FAFAFA;--shiki-dark-bg:#282c34\"><pre v-pre class=\"shiki shiki-themes one-light one-dark-pro vp-code\"><code><span class=\"line\"><span style=\"--shiki-light:#4078F2;--shiki-dark:#61AFEF\">$</span><span style=\"--shiki-light:#50A14F;--shiki-dark:#98C379\"> git</span><span style=\"--shiki-light:#50A14F;--shiki-dark:#98C379\"> add</span><span style=\"--shiki-light:#50A14F;--shiki-dark:#98C379\"> readme.txt</span></span>\n<span class=\"line\"><span style=\"--shiki-light:#4078F2;--shiki-dark:#61AFEF\">--no</span><span style=\"--shiki-light:#50A14F;--shiki-dark:#98C379\"> output</span><span style=\"--shiki-light:#986801;--shiki-dark:#D19A66\"> --</span></span></code></pre>\n</div><p>同样没有任何输出。在执行第二步 <code v-pre>git commit</code> 之前，我们再运行 <code v-pre>git status</code> 看看当前仓库的状态:</p>\n<div class=\"language-sh\" data-highlighter=\"shiki\" data-ext=\"sh\" data-title=\"sh\" style=\"--shiki-light:#383A42;--shiki-dark:#abb2bf;--shiki-light-bg:#FAFAFA;--shiki-dark-bg:#282c34\"><pre v-pre class=\"shiki shiki-themes one-light one-dark-pro vp-code\"><code><span class=\"line\"><span style=\"--shiki-light:#4078F2;--shiki-dark:#61AFEF\">$</span><span style=\"--shiki-light:#50A14F;--shiki-dark:#98C379\"> git</span><span style=\"--shiki-light:#50A14F;--shiki-dark:#98C379\"> status</span></span>\n<span class=\"line\"><span style=\"--shiki-light:#4078F2;--shiki-dark:#61AFEF\">On</span><span style=\"--shiki-light:#50A14F;--shiki-dark:#98C379\"> branch</span><span style=\"--shiki-light:#50A14F;--shiki-dark:#98C379\"> master</span></span>\n<span class=\"line\"><span style=\"--shiki-light:#4078F2;--shiki-dark:#61AFEF\">Changes</span><span style=\"--shiki-light:#50A14F;--shiki-dark:#98C379\"> to</span><span style=\"--shiki-light:#50A14F;--shiki-dark:#98C379\"> be</span><span style=\"--shiki-light:#50A14F;--shiki-dark:#98C379\"> committed:</span></span>\n<span class=\"line\"><span style=\"--shiki-light:#383A42;--shiki-dark:#ABB2BF\">  (</span><span style=\"--shiki-light:#4078F2;--shiki-dark:#61AFEF\">use</span><span style=\"--shiki-light:#50A14F;--shiki-dark:#98C379\"> \"git reset HEAD &#x3C;file>...\"</span><span style=\"--shiki-light:#50A14F;--shiki-dark:#98C379\"> to</span><span style=\"--shiki-light:#50A14F;--shiki-dark:#98C379\"> unstage</span><span style=\"--shiki-light:#383A42;--shiki-dark:#ABB2BF\">)</span></span>\n<span class=\"line\"></span>\n<span class=\"line\"><span style=\"--shiki-light:#4078F2;--shiki-dark:#61AFEF\">    modified:</span><span style=\"--shiki-light:#50A14F;--shiki-dark:#98C379\">   readme.txt</span></span></code></pre>\n</div><p><code v-pre>git status</code> 告诉我们，将要被提交的修改包括 readme.txt，下一步，就可以放心地提交了:</p>\n<div class=\"language-sh\" data-highlighter=\"shiki\" data-ext=\"sh\" data-title=\"sh\" style=\"--shiki-light:#383A42;--shiki-dark:#abb2bf;--shiki-light-bg:#FAFAFA;--shiki-dark-bg:#282c34\"><pre v-pre class=\"shiki shiki-themes one-light one-dark-pro vp-code\"><code><span class=\"line\"><span style=\"--shiki-light:#4078F2;--shiki-dark:#61AFEF\">$</span><span style=\"--shiki-light:#50A14F;--shiki-dark:#98C379\"> git</span><span style=\"--shiki-light:#50A14F;--shiki-dark:#98C379\"> commit</span><span style=\"--shiki-light:#986801;--shiki-dark:#D19A66\"> -m</span><span style=\"--shiki-light:#50A14F;--shiki-dark:#98C379\"> \"add distributed\"</span></span>\n<span class=\"line\"><span style=\"--shiki-light:#383A42;--shiki-dark:#ABB2BF\">[master e475afc] add distributed</span></span>\n<span class=\"line\"><span style=\"--shiki-light:#4078F2;--shiki-dark:#61AFEF\"> 1</span><span style=\"--shiki-light:#50A14F;--shiki-dark:#98C379\"> file</span><span style=\"--shiki-light:#50A14F;--shiki-dark:#98C379\"> changed,</span><span style=\"--shiki-light:#986801;--shiki-dark:#D19A66\"> 1</span><span style=\"--shiki-light:#50A14F;--shiki-dark:#98C379\"> insertion</span><span style=\"--shiki-light:#383A42;--shiki-dark:#ABB2BF\">(</span><span style=\"--shiki-light:#4078F2;--shiki-dark:#61AFEF\">+</span><span style=\"--shiki-light:#383A42;--shiki-dark:#ABB2BF\">)</span><span style=\"--shiki-light:#50A14F;--shiki-dark:#98C379\">,</span><span style=\"--shiki-light:#986801;--shiki-dark:#D19A66\"> 1</span><span style=\"--shiki-light:#50A14F;--shiki-dark:#98C379\"> deletion</span><span style=\"--shiki-light:#383A42;--shiki-dark:#ABB2BF\">(</span><span style=\"--shiki-light:#4078F2;--shiki-dark:#61AFEF\">-</span><span style=\"--shiki-light:#383A42;--shiki-dark:#ABB2BF\">)</span></span></code></pre>\n</div><p>提交后，我们再用 <code v-pre>git status</code> 命令看看仓库的当前状态:</p>\n<div class=\"language-sh\" data-highlighter=\"shiki\" data-ext=\"sh\" data-title=\"sh\" style=\"--shiki-light:#383A42;--shiki-dark:#abb2bf;--shiki-light-bg:#FAFAFA;--shiki-dark-bg:#282c34\"><pre v-pre class=\"shiki shiki-themes one-light one-dark-pro vp-code\"><code><span class=\"line\"><span style=\"--shiki-light:#4078F2;--shiki-dark:#61AFEF\">$</span><span style=\"--shiki-light:#50A14F;--shiki-dark:#98C379\"> git</span><span style=\"--shiki-light:#50A14F;--shiki-dark:#98C379\"> status</span></span>\n<span class=\"line\"><span style=\"--shiki-light:#4078F2;--shiki-dark:#61AFEF\">On</span><span style=\"--shiki-light:#50A14F;--shiki-dark:#98C379\"> branch</span><span style=\"--shiki-light:#50A14F;--shiki-dark:#98C379\"> master</span></span>\n<span class=\"line\"><span style=\"--shiki-light:#4078F2;--shiki-dark:#61AFEF\">nothing</span><span style=\"--shiki-light:#50A14F;--shiki-dark:#98C379\"> to</span><span style=\"--shiki-light:#50A14F;--shiki-dark:#98C379\"> commit,</span><span style=\"--shiki-light:#50A14F;--shiki-dark:#98C379\"> working</span><span style=\"--shiki-light:#50A14F;--shiki-dark:#98C379\"> tree</span><span style=\"--shiki-light:#50A14F;--shiki-dark:#98C379\"> clean</span></span></code></pre>\n</div><p>Git 告诉我们当前没有需要提交的修改，而且，工作目录是干净(working tree clean)的。</p>\n<h2 id=\"小结\" tabindex=\"-1\"><a class=\"header-anchor\" href=\"#小结\"><span>小结</span></a></h2>\n<ul>\n<li>\n<p>要随时掌握工作区的状态，使用 <code v-pre>git status</code> 命令。</p>\n</li>\n<li>\n<p>如果 <code v-pre>git status</code> 告诉您有文件被修改过，用 <code v-pre>git diff</code> 可以查看修改内容。</p>\n</li>\n</ul>\n","env":{"base":"/","filePath":"/Users/carson/Desktop/Mister-Hope.github.io-main/src/software/git/status.md","filePathRelative":"software/git/status.md","frontmatter":{"date":"2020-05-05T00:00:00.000Z","title":"纵向查看","icon":"list","order":4,"author":"廖雪峰","category":"Git","tag":["Git","软件"],"copyright":"Copyright by 廖雪峰 Edited by Mr.Hope"},"sfcBlocks":{"template":{"type":"template","content":"<template><p>我们已经成功地添加并提交了一个 readme.txt 文件，继续修改 readme.txt 文件，改成如下内容:</p>\n<div class=\"language-md\" data-highlighter=\"shiki\" data-ext=\"md\" data-title=\"md\" style=\"--shiki-light:#383A42;--shiki-dark:#abb2bf;--shiki-light-bg:#FAFAFA;--shiki-dark-bg:#282c34\"><pre v-pre class=\"shiki shiki-themes one-light one-dark-pro vp-code\"><code><span class=\"line\"><span style=\"--shiki-light:#383A42;--shiki-dark:#ABB2BF\">Git is a distributed version control system.</span></span>\n<span class=\"line\"><span style=\"--shiki-light:#383A42;--shiki-dark:#ABB2BF\">Git is free software.</span></span></code></pre>\n</div><p>现在，运行 <code v-pre>git status</code> 命令看看结果:</p>\n<div class=\"language-sh\" data-highlighter=\"shiki\" data-ext=\"sh\" data-title=\"sh\" style=\"--shiki-light:#383A42;--shiki-dark:#abb2bf;--shiki-light-bg:#FAFAFA;--shiki-dark-bg:#282c34\"><pre v-pre class=\"shiki shiki-themes one-light one-dark-pro vp-code\"><code><span class=\"line\"><span style=\"--shiki-light:#4078F2;--shiki-dark:#61AFEF\">$</span><span style=\"--shiki-light:#50A14F;--shiki-dark:#98C379\"> git</span><span style=\"--shiki-light:#50A14F;--shiki-dark:#98C379\"> status</span></span>\n<span class=\"line\"><span style=\"--shiki-light:#4078F2;--shiki-dark:#61AFEF\">On</span><span style=\"--shiki-light:#50A14F;--shiki-dark:#98C379\"> branch</span><span style=\"--shiki-light:#50A14F;--shiki-dark:#98C379\"> master</span></span>\n<span class=\"line\"><span style=\"--shiki-light:#4078F2;--shiki-dark:#61AFEF\">Changes</span><span style=\"--shiki-light:#50A14F;--shiki-dark:#98C379\"> not</span><span style=\"--shiki-light:#50A14F;--shiki-dark:#98C379\"> staged</span><span style=\"--shiki-light:#50A14F;--shiki-dark:#98C379\"> for</span><span style=\"--shiki-light:#50A14F;--shiki-dark:#98C379\"> commit:</span></span>\n<span class=\"line\"><span style=\"--shiki-light:#383A42;--shiki-dark:#ABB2BF\">  (</span><span style=\"--shiki-light:#4078F2;--shiki-dark:#61AFEF\">use</span><span style=\"--shiki-light:#50A14F;--shiki-dark:#98C379\"> \"git add &#x3C;file>...\"</span><span style=\"--shiki-light:#50A14F;--shiki-dark:#98C379\"> to</span><span style=\"--shiki-light:#50A14F;--shiki-dark:#98C379\"> update</span><span style=\"--shiki-light:#50A14F;--shiki-dark:#98C379\"> what</span><span style=\"--shiki-light:#50A14F;--shiki-dark:#98C379\"> will</span><span style=\"--shiki-light:#50A14F;--shiki-dark:#98C379\"> be</span><span style=\"--shiki-light:#50A14F;--shiki-dark:#98C379\"> committed</span><span style=\"--shiki-light:#383A42;--shiki-dark:#ABB2BF\">)</span></span>\n<span class=\"line\"><span style=\"--shiki-light:#383A42;--shiki-dark:#ABB2BF\">  (</span><span style=\"--shiki-light:#4078F2;--shiki-dark:#61AFEF\">use</span><span style=\"--shiki-light:#50A14F;--shiki-dark:#98C379\"> \"git checkout -- &#x3C;file>...\"</span><span style=\"--shiki-light:#50A14F;--shiki-dark:#98C379\"> to</span><span style=\"--shiki-light:#50A14F;--shiki-dark:#98C379\"> discard</span><span style=\"--shiki-light:#50A14F;--shiki-dark:#98C379\"> changes</span><span style=\"--shiki-light:#50A14F;--shiki-dark:#98C379\"> in</span><span style=\"--shiki-light:#50A14F;--shiki-dark:#98C379\"> working</span><span style=\"--shiki-light:#50A14F;--shiki-dark:#98C379\"> directory</span><span style=\"--shiki-light:#383A42;--shiki-dark:#ABB2BF\">)</span></span>\n<span class=\"line\"></span>\n<span class=\"line\"><span style=\"--shiki-light:#4078F2;--shiki-dark:#61AFEF\">    modified:</span><span style=\"--shiki-light:#50A14F;--shiki-dark:#98C379\">   readme.txt</span></span>\n<span class=\"line\"></span>\n<span class=\"line\"><span style=\"--shiki-light:#4078F2;--shiki-dark:#61AFEF\">no</span><span style=\"--shiki-light:#50A14F;--shiki-dark:#98C379\"> changes</span><span style=\"--shiki-light:#50A14F;--shiki-dark:#98C379\"> added</span><span style=\"--shiki-light:#50A14F;--shiki-dark:#98C379\"> to</span><span style=\"--shiki-light:#50A14F;--shiki-dark:#98C379\"> commit</span><span style=\"--shiki-light:#383A42;--shiki-dark:#ABB2BF\"> (use </span><span style=\"--shiki-light:#50A14F;--shiki-dark:#98C379\">\"git add\"</span><span style=\"--shiki-light:#50A14F;--shiki-dark:#98C379\"> and/or</span><span style=\"--shiki-light:#50A14F;--shiki-dark:#98C379\"> \"git commit -a\"</span><span style=\"--shiki-light:#383A42;--shiki-dark:#ABB2BF\">)</span></span></code></pre>\n</div><p><code v-pre>git status</code> 命令可以输出仓库当前的状态，上面的命令输出告诉我们，readme.txt 被修改过了，但还没有准备提交的修改。</p>\n<div class=\"hint-container tip\">\n<p class=\"hint-container-title\">简介输出</p>\n<p><code v-pre>git status</code> 命令的输出十分详细，但其用语有些繁琐。Git 有一个选项可以帮您缩短状态命令的输出，这样可以以简洁的方式查看更改。如果您使用 <code v-pre>git status -s</code> 命令或 <code v-pre>git status --short</code> 命令，您将得到一种格式更为紧凑的输出。</p>\n<p>输出中有两栏，左栏指明了暂存区的状态，右栏指明了工作区的状态。</p>\n<p>新添加的未跟踪文件前面有 <code v-pre>??</code> 标记，新添加到暂存区中的文件前面有 <code v-pre>A</code> 标记，修改过的文件前面有 <code v-pre>M</code> 标记。</p>\n<details class=\"hint-container details\"><summary>案例</summary>\n<div class=\"language-sh\" data-highlighter=\"shiki\" data-ext=\"sh\" data-title=\"sh\" style=\"--shiki-light:#383A42;--shiki-dark:#abb2bf;--shiki-light-bg:#FAFAFA;--shiki-dark-bg:#282c34\"><pre v-pre class=\"shiki shiki-themes one-light one-dark-pro vp-code\"><code><span class=\"line\"><span style=\"--shiki-light:#4078F2;--shiki-dark:#61AFEF\">$</span><span style=\"--shiki-light:#50A14F;--shiki-dark:#98C379\"> git</span><span style=\"--shiki-light:#50A14F;--shiki-dark:#98C379\"> status</span><span style=\"--shiki-light:#986801;--shiki-dark:#D19A66\"> -s</span></span>\n<span class=\"line\"><span style=\"--shiki-light:#4078F2;--shiki-dark:#61AFEF\"> M</span><span style=\"--shiki-light:#50A14F;--shiki-dark:#98C379\"> README</span></span>\n<span class=\"line\"><span style=\"--shiki-light:#4078F2;--shiki-dark:#61AFEF\">MM</span><span style=\"--shiki-light:#50A14F;--shiki-dark:#98C379\"> Rakefile</span></span>\n<span class=\"line\"><span style=\"--shiki-light:#4078F2;--shiki-dark:#61AFEF\">A</span><span style=\"--shiki-light:#50A14F;--shiki-dark:#98C379\">  lib/git.rb</span></span>\n<span class=\"line\"><span style=\"--shiki-light:#4078F2;--shiki-dark:#61AFEF\">M</span><span style=\"--shiki-light:#50A14F;--shiki-dark:#98C379\">  lib/simplegit.rb</span></span>\n<span class=\"line\"><span style=\"--shiki-light:#383A42;--shiki-dark:#ABB2BF\">?? LICENSE.txt</span></span></code></pre>\n</div><p>上面的状态报告显示: <code v-pre>README</code> 文件在工作区已修改但尚未暂存，而 <code v-pre>lib/simplegit.rb</code> 文件已修改且已暂存。<code v-pre>Rakefile</code> 文件已修改，暂存后又作了修改，因此该文件的修改中既有已暂存的部分，又有未暂存的部分。</p>\n</details>\n</div>\n<p>Git 现在只告诉我们 readme.txt 被修改了，我们用 <code v-pre>git diff</code> 这个命令能看看具体修改了什么内容:</p>\n<div class=\"language-sh\" data-highlighter=\"shiki\" data-ext=\"sh\" data-title=\"sh\" style=\"--shiki-light:#383A42;--shiki-dark:#abb2bf;--shiki-light-bg:#FAFAFA;--shiki-dark-bg:#282c34\"><pre v-pre class=\"shiki shiki-themes one-light one-dark-pro vp-code\"><code><span class=\"line\"><span style=\"--shiki-light:#4078F2;--shiki-dark:#61AFEF\">$</span><span style=\"--shiki-light:#50A14F;--shiki-dark:#98C379\"> git</span><span style=\"--shiki-light:#50A14F;--shiki-dark:#98C379\"> diff</span><span style=\"--shiki-light:#50A14F;--shiki-dark:#98C379\"> readme.txt</span></span>\n<span class=\"line\"><span style=\"--shiki-light:#4078F2;--shiki-dark:#61AFEF\">diff</span><span style=\"--shiki-light:#986801;--shiki-dark:#D19A66\"> --git</span><span style=\"--shiki-light:#50A14F;--shiki-dark:#98C379\"> a/readme.txt</span><span style=\"--shiki-light:#50A14F;--shiki-dark:#98C379\"> b/readme.txt</span></span>\n<span class=\"line\"><span style=\"--shiki-light:#4078F2;--shiki-dark:#61AFEF\">index</span><span style=\"--shiki-light:#50A14F;--shiki-dark:#98C379\"> 46d49bf..9247db6</span><span style=\"--shiki-light:#986801;--shiki-dark:#D19A66\"> 100644</span></span>\n<span class=\"line\"><span style=\"--shiki-light:#4078F2;--shiki-dark:#61AFEF\">---</span><span style=\"--shiki-light:#50A14F;--shiki-dark:#98C379\"> a/readme.txt</span></span>\n<span class=\"line\"><span style=\"--shiki-light:#4078F2;--shiki-dark:#61AFEF\">+++</span><span style=\"--shiki-light:#50A14F;--shiki-dark:#98C379\"> b/readme.txt</span></span>\n<span class=\"line\"><span style=\"--shiki-light:#4078F2;--shiki-dark:#61AFEF\">@@</span><span style=\"--shiki-light:#986801;--shiki-dark:#D19A66\"> -1,2</span><span style=\"--shiki-light:#50A14F;--shiki-dark:#98C379\"> +1,2</span><span style=\"--shiki-light:#50A14F;--shiki-dark:#98C379\"> @@</span></span>\n<span class=\"line\"><span style=\"--shiki-light:#4078F2;--shiki-dark:#61AFEF\">-Git</span><span style=\"--shiki-light:#50A14F;--shiki-dark:#98C379\"> is</span><span style=\"--shiki-light:#50A14F;--shiki-dark:#98C379\"> a</span><span style=\"--shiki-light:#50A14F;--shiki-dark:#98C379\"> version</span><span style=\"--shiki-light:#50A14F;--shiki-dark:#98C379\"> control</span><span style=\"--shiki-light:#50A14F;--shiki-dark:#98C379\"> system.</span></span>\n<span class=\"line\"><span style=\"--shiki-light:#4078F2;--shiki-dark:#61AFEF\">+Git</span><span style=\"--shiki-light:#50A14F;--shiki-dark:#98C379\"> is</span><span style=\"--shiki-light:#50A14F;--shiki-dark:#98C379\"> a</span><span style=\"--shiki-light:#50A14F;--shiki-dark:#98C379\"> distributed</span><span style=\"--shiki-light:#50A14F;--shiki-dark:#98C379\"> version</span><span style=\"--shiki-light:#50A14F;--shiki-dark:#98C379\"> control</span><span style=\"--shiki-light:#50A14F;--shiki-dark:#98C379\"> system.</span></span>\n<span class=\"line\"><span style=\"--shiki-light:#4078F2;--shiki-dark:#61AFEF\"> Git</span><span style=\"--shiki-light:#50A14F;--shiki-dark:#98C379\"> is</span><span style=\"--shiki-light:#50A14F;--shiki-dark:#98C379\"> free</span><span style=\"--shiki-light:#50A14F;--shiki-dark:#98C379\"> software.</span></span></code></pre>\n</div><p><code v-pre>git diff</code> 顾名思义就是查看 difference，显示的格式正是 Unix 通用的 diff 格式，可以从上面的命令输出看到，我们在第一行添加了一个 distributed 单词。</p>\n<p>知道了对 readme.txt 作了什么修改后，再把它提交到仓库就放心多了，提交修改和提交新文件是一样的两步，第一步是 <code v-pre>git add</code>:</p>\n<div class=\"language-sh\" data-highlighter=\"shiki\" data-ext=\"sh\" data-title=\"sh\" style=\"--shiki-light:#383A42;--shiki-dark:#abb2bf;--shiki-light-bg:#FAFAFA;--shiki-dark-bg:#282c34\"><pre v-pre class=\"shiki shiki-themes one-light one-dark-pro vp-code\"><code><span class=\"line\"><span style=\"--shiki-light:#4078F2;--shiki-dark:#61AFEF\">$</span><span style=\"--shiki-light:#50A14F;--shiki-dark:#98C379\"> git</span><span style=\"--shiki-light:#50A14F;--shiki-dark:#98C379\"> add</span><span style=\"--shiki-light:#50A14F;--shiki-dark:#98C379\"> readme.txt</span></span>\n<span class=\"line\"><span style=\"--shiki-light:#4078F2;--shiki-dark:#61AFEF\">--no</span><span style=\"--shiki-light:#50A14F;--shiki-dark:#98C379\"> output</span><span style=\"--shiki-light:#986801;--shiki-dark:#D19A66\"> --</span></span></code></pre>\n</div><p>同样没有任何输出。在执行第二步 <code v-pre>git commit</code> 之前，我们再运行 <code v-pre>git status</code> 看看当前仓库的状态:</p>\n<div class=\"language-sh\" data-highlighter=\"shiki\" data-ext=\"sh\" data-title=\"sh\" style=\"--shiki-light:#383A42;--shiki-dark:#abb2bf;--shiki-light-bg:#FAFAFA;--shiki-dark-bg:#282c34\"><pre v-pre class=\"shiki shiki-themes one-light one-dark-pro vp-code\"><code><span class=\"line\"><span style=\"--shiki-light:#4078F2;--shiki-dark:#61AFEF\">$</span><span style=\"--shiki-light:#50A14F;--shiki-dark:#98C379\"> git</span><span style=\"--shiki-light:#50A14F;--shiki-dark:#98C379\"> status</span></span>\n<span class=\"line\"><span style=\"--shiki-light:#4078F2;--shiki-dark:#61AFEF\">On</span><span style=\"--shiki-light:#50A14F;--shiki-dark:#98C379\"> branch</span><span style=\"--shiki-light:#50A14F;--shiki-dark:#98C379\"> master</span></span>\n<span class=\"line\"><span style=\"--shiki-light:#4078F2;--shiki-dark:#61AFEF\">Changes</span><span style=\"--shiki-light:#50A14F;--shiki-dark:#98C379\"> to</span><span style=\"--shiki-light:#50A14F;--shiki-dark:#98C379\"> be</span><span style=\"--shiki-light:#50A14F;--shiki-dark:#98C379\"> committed:</span></span>\n<span class=\"line\"><span style=\"--shiki-light:#383A42;--shiki-dark:#ABB2BF\">  (</span><span style=\"--shiki-light:#4078F2;--shiki-dark:#61AFEF\">use</span><span style=\"--shiki-light:#50A14F;--shiki-dark:#98C379\"> \"git reset HEAD &#x3C;file>...\"</span><span style=\"--shiki-light:#50A14F;--shiki-dark:#98C379\"> to</span><span style=\"--shiki-light:#50A14F;--shiki-dark:#98C379\"> unstage</span><span style=\"--shiki-light:#383A42;--shiki-dark:#ABB2BF\">)</span></span>\n<span class=\"line\"></span>\n<span class=\"line\"><span style=\"--shiki-light:#4078F2;--shiki-dark:#61AFEF\">    modified:</span><span style=\"--shiki-light:#50A14F;--shiki-dark:#98C379\">   readme.txt</span></span></code></pre>\n</div><p><code v-pre>git status</code> 告诉我们，将要被提交的修改包括 readme.txt，下一步，就可以放心地提交了:</p>\n<div class=\"language-sh\" data-highlighter=\"shiki\" data-ext=\"sh\" data-title=\"sh\" style=\"--shiki-light:#383A42;--shiki-dark:#abb2bf;--shiki-light-bg:#FAFAFA;--shiki-dark-bg:#282c34\"><pre v-pre class=\"shiki shiki-themes one-light one-dark-pro vp-code\"><code><span class=\"line\"><span style=\"--shiki-light:#4078F2;--shiki-dark:#61AFEF\">$</span><span style=\"--shiki-light:#50A14F;--shiki-dark:#98C379\"> git</span><span style=\"--shiki-light:#50A14F;--shiki-dark:#98C379\"> commit</span><span style=\"--shiki-light:#986801;--shiki-dark:#D19A66\"> -m</span><span style=\"--shiki-light:#50A14F;--shiki-dark:#98C379\"> \"add distributed\"</span></span>\n<span class=\"line\"><span style=\"--shiki-light:#383A42;--shiki-dark:#ABB2BF\">[master e475afc] add distributed</span></span>\n<span class=\"line\"><span style=\"--shiki-light:#4078F2;--shiki-dark:#61AFEF\"> 1</span><span style=\"--shiki-light:#50A14F;--shiki-dark:#98C379\"> file</span><span style=\"--shiki-light:#50A14F;--shiki-dark:#98C379\"> changed,</span><span style=\"--shiki-light:#986801;--shiki-dark:#D19A66\"> 1</span><span style=\"--shiki-light:#50A14F;--shiki-dark:#98C379\"> insertion</span><span style=\"--shiki-light:#383A42;--shiki-dark:#ABB2BF\">(</span><span style=\"--shiki-light:#4078F2;--shiki-dark:#61AFEF\">+</span><span style=\"--shiki-light:#383A42;--shiki-dark:#ABB2BF\">)</span><span style=\"--shiki-light:#50A14F;--shiki-dark:#98C379\">,</span><span style=\"--shiki-light:#986801;--shiki-dark:#D19A66\"> 1</span><span style=\"--shiki-light:#50A14F;--shiki-dark:#98C379\"> deletion</span><span style=\"--shiki-light:#383A42;--shiki-dark:#ABB2BF\">(</span><span style=\"--shiki-light:#4078F2;--shiki-dark:#61AFEF\">-</span><span style=\"--shiki-light:#383A42;--shiki-dark:#ABB2BF\">)</span></span></code></pre>\n</div><p>提交后，我们再用 <code v-pre>git status</code> 命令看看仓库的当前状态:</p>\n<div class=\"language-sh\" data-highlighter=\"shiki\" data-ext=\"sh\" data-title=\"sh\" style=\"--shiki-light:#383A42;--shiki-dark:#abb2bf;--shiki-light-bg:#FAFAFA;--shiki-dark-bg:#282c34\"><pre v-pre class=\"shiki shiki-themes one-light one-dark-pro vp-code\"><code><span class=\"line\"><span style=\"--shiki-light:#4078F2;--shiki-dark:#61AFEF\">$</span><span style=\"--shiki-light:#50A14F;--shiki-dark:#98C379\"> git</span><span style=\"--shiki-light:#50A14F;--shiki-dark:#98C379\"> status</span></span>\n<span class=\"line\"><span style=\"--shiki-light:#4078F2;--shiki-dark:#61AFEF\">On</span><span style=\"--shiki-light:#50A14F;--shiki-dark:#98C379\"> branch</span><span style=\"--shiki-light:#50A14F;--shiki-dark:#98C379\"> master</span></span>\n<span class=\"line\"><span style=\"--shiki-light:#4078F2;--shiki-dark:#61AFEF\">nothing</span><span style=\"--shiki-light:#50A14F;--shiki-dark:#98C379\"> to</span><span style=\"--shiki-light:#50A14F;--shiki-dark:#98C379\"> commit,</span><span style=\"--shiki-light:#50A14F;--shiki-dark:#98C379\"> working</span><span style=\"--shiki-light:#50A14F;--shiki-dark:#98C379\"> tree</span><span style=\"--shiki-light:#50A14F;--shiki-dark:#98C379\"> clean</span></span></code></pre>\n</div><p>Git 告诉我们当前没有需要提交的修改，而且，工作目录是干净(working tree clean)的。</p>\n<h2 id=\"小结\" tabindex=\"-1\"><a class=\"header-anchor\" href=\"#小结\"><span>小结</span></a></h2>\n<ul>\n<li>\n<p>要随时掌握工作区的状态，使用 <code v-pre>git status</code> 命令。</p>\n</li>\n<li>\n<p>如果 <code v-pre>git status</code> 告诉您有文件被修改过，用 <code v-pre>git diff</code> 可以查看修改内容。</p>\n</li>\n</ul>\n</template>","contentStripped":"<p>我们已经成功地添加并提交了一个 readme.txt 文件，继续修改 readme.txt 文件，改成如下内容:</p>\n<div class=\"language-md\" data-highlighter=\"shiki\" data-ext=\"md\" data-title=\"md\" style=\"--shiki-light:#383A42;--shiki-dark:#abb2bf;--shiki-light-bg:#FAFAFA;--shiki-dark-bg:#282c34\"><pre v-pre class=\"shiki shiki-themes one-light one-dark-pro vp-code\"><code><span class=\"line\"><span style=\"--shiki-light:#383A42;--shiki-dark:#ABB2BF\">Git is a distributed version control system.</span></span>\n<span class=\"line\"><span style=\"--shiki-light:#383A42;--shiki-dark:#ABB2BF\">Git is free software.</span></span></code></pre>\n</div><p>现在，运行 <code v-pre>git status</code> 命令看看结果:</p>\n<div class=\"language-sh\" data-highlighter=\"shiki\" data-ext=\"sh\" data-title=\"sh\" style=\"--shiki-light:#383A42;--shiki-dark:#abb2bf;--shiki-light-bg:#FAFAFA;--shiki-dark-bg:#282c34\"><pre v-pre class=\"shiki shiki-themes one-light one-dark-pro vp-code\"><code><span class=\"line\"><span style=\"--shiki-light:#4078F2;--shiki-dark:#61AFEF\">$</span><span style=\"--shiki-light:#50A14F;--shiki-dark:#98C379\"> git</span><span style=\"--shiki-light:#50A14F;--shiki-dark:#98C379\"> status</span></span>\n<span class=\"line\"><span style=\"--shiki-light:#4078F2;--shiki-dark:#61AFEF\">On</span><span style=\"--shiki-light:#50A14F;--shiki-dark:#98C379\"> branch</span><span style=\"--shiki-light:#50A14F;--shiki-dark:#98C379\"> master</span></span>\n<span class=\"line\"><span style=\"--shiki-light:#4078F2;--shiki-dark:#61AFEF\">Changes</span><span style=\"--shiki-light:#50A14F;--shiki-dark:#98C379\"> not</span><span style=\"--shiki-light:#50A14F;--shiki-dark:#98C379\"> staged</span><span style=\"--shiki-light:#50A14F;--shiki-dark:#98C379\"> for</span><span style=\"--shiki-light:#50A14F;--shiki-dark:#98C379\"> commit:</span></span>\n<span class=\"line\"><span style=\"--shiki-light:#383A42;--shiki-dark:#ABB2BF\">  (</span><span style=\"--shiki-light:#4078F2;--shiki-dark:#61AFEF\">use</span><span style=\"--shiki-light:#50A14F;--shiki-dark:#98C379\"> \"git add &#x3C;file>...\"</span><span style=\"--shiki-light:#50A14F;--shiki-dark:#98C379\"> to</span><span style=\"--shiki-light:#50A14F;--shiki-dark:#98C379\"> update</span><span style=\"--shiki-light:#50A14F;--shiki-dark:#98C379\"> what</span><span style=\"--shiki-light:#50A14F;--shiki-dark:#98C379\"> will</span><span style=\"--shiki-light:#50A14F;--shiki-dark:#98C379\"> be</span><span style=\"--shiki-light:#50A14F;--shiki-dark:#98C379\"> committed</span><span style=\"--shiki-light:#383A42;--shiki-dark:#ABB2BF\">)</span></span>\n<span class=\"line\"><span style=\"--shiki-light:#383A42;--shiki-dark:#ABB2BF\">  (</span><span style=\"--shiki-light:#4078F2;--shiki-dark:#61AFEF\">use</span><span style=\"--shiki-light:#50A14F;--shiki-dark:#98C379\"> \"git checkout -- &#x3C;file>...\"</span><span style=\"--shiki-light:#50A14F;--shiki-dark:#98C379\"> to</span><span style=\"--shiki-light:#50A14F;--shiki-dark:#98C379\"> discard</span><span style=\"--shiki-light:#50A14F;--shiki-dark:#98C379\"> changes</span><span style=\"--shiki-light:#50A14F;--shiki-dark:#98C379\"> in</span><span style=\"--shiki-light:#50A14F;--shiki-dark:#98C379\"> working</span><span style=\"--shiki-light:#50A14F;--shiki-dark:#98C379\"> directory</span><span style=\"--shiki-light:#383A42;--shiki-dark:#ABB2BF\">)</span></span>\n<span class=\"line\"></span>\n<span class=\"line\"><span style=\"--shiki-light:#4078F2;--shiki-dark:#61AFEF\">    modified:</span><span style=\"--shiki-light:#50A14F;--shiki-dark:#98C379\">   readme.txt</span></span>\n<span class=\"line\"></span>\n<span class=\"line\"><span style=\"--shiki-light:#4078F2;--shiki-dark:#61AFEF\">no</span><span style=\"--shiki-light:#50A14F;--shiki-dark:#98C379\"> changes</span><span style=\"--shiki-light:#50A14F;--shiki-dark:#98C379\"> added</span><span style=\"--shiki-light:#50A14F;--shiki-dark:#98C379\"> to</span><span style=\"--shiki-light:#50A14F;--shiki-dark:#98C379\"> commit</span><span style=\"--shiki-light:#383A42;--shiki-dark:#ABB2BF\"> (use </span><span style=\"--shiki-light:#50A14F;--shiki-dark:#98C379\">\"git add\"</span><span style=\"--shiki-light:#50A14F;--shiki-dark:#98C379\"> and/or</span><span style=\"--shiki-light:#50A14F;--shiki-dark:#98C379\"> \"git commit -a\"</span><span style=\"--shiki-light:#383A42;--shiki-dark:#ABB2BF\">)</span></span></code></pre>\n</div><p><code v-pre>git status</code> 命令可以输出仓库当前的状态，上面的命令输出告诉我们，readme.txt 被修改过了，但还没有准备提交的修改。</p>\n<div class=\"hint-container tip\">\n<p class=\"hint-container-title\">简介输出</p>\n<p><code v-pre>git status</code> 命令的输出十分详细，但其用语有些繁琐。Git 有一个选项可以帮您缩短状态命令的输出，这样可以以简洁的方式查看更改。如果您使用 <code v-pre>git status -s</code> 命令或 <code v-pre>git status --short</code> 命令，您将得到一种格式更为紧凑的输出。</p>\n<p>输出中有两栏，左栏指明了暂存区的状态，右栏指明了工作区的状态。</p>\n<p>新添加的未跟踪文件前面有 <code v-pre>??</code> 标记，新添加到暂存区中的文件前面有 <code v-pre>A</code> 标记，修改过的文件前面有 <code v-pre>M</code> 标记。</p>\n<details class=\"hint-container details\"><summary>案例</summary>\n<div class=\"language-sh\" data-highlighter=\"shiki\" data-ext=\"sh\" data-title=\"sh\" style=\"--shiki-light:#383A42;--shiki-dark:#abb2bf;--shiki-light-bg:#FAFAFA;--shiki-dark-bg:#282c34\"><pre v-pre class=\"shiki shiki-themes one-light one-dark-pro vp-code\"><code><span class=\"line\"><span style=\"--shiki-light:#4078F2;--shiki-dark:#61AFEF\">$</span><span style=\"--shiki-light:#50A14F;--shiki-dark:#98C379\"> git</span><span style=\"--shiki-light:#50A14F;--shiki-dark:#98C379\"> status</span><span style=\"--shiki-light:#986801;--shiki-dark:#D19A66\"> -s</span></span>\n<span class=\"line\"><span style=\"--shiki-light:#4078F2;--shiki-dark:#61AFEF\"> M</span><span style=\"--shiki-light:#50A14F;--shiki-dark:#98C379\"> README</span></span>\n<span class=\"line\"><span style=\"--shiki-light:#4078F2;--shiki-dark:#61AFEF\">MM</span><span style=\"--shiki-light:#50A14F;--shiki-dark:#98C379\"> Rakefile</span></span>\n<span class=\"line\"><span style=\"--shiki-light:#4078F2;--shiki-dark:#61AFEF\">A</span><span style=\"--shiki-light:#50A14F;--shiki-dark:#98C379\">  lib/git.rb</span></span>\n<span class=\"line\"><span style=\"--shiki-light:#4078F2;--shiki-dark:#61AFEF\">M</span><span style=\"--shiki-light:#50A14F;--shiki-dark:#98C379\">  lib/simplegit.rb</span></span>\n<span class=\"line\"><span style=\"--shiki-light:#383A42;--shiki-dark:#ABB2BF\">?? LICENSE.txt</span></span></code></pre>\n</div><p>上面的状态报告显示: <code v-pre>README</code> 文件在工作区已修改但尚未暂存，而 <code v-pre>lib/simplegit.rb</code> 文件已修改且已暂存。<code v-pre>Rakefile</code> 文件已修改，暂存后又作了修改，因此该文件的修改中既有已暂存的部分，又有未暂存的部分。</p>\n</details>\n</div>\n<p>Git 现在只告诉我们 readme.txt 被修改了，我们用 <code v-pre>git diff</code> 这个命令能看看具体修改了什么内容:</p>\n<div class=\"language-sh\" data-highlighter=\"shiki\" data-ext=\"sh\" data-title=\"sh\" style=\"--shiki-light:#383A42;--shiki-dark:#abb2bf;--shiki-light-bg:#FAFAFA;--shiki-dark-bg:#282c34\"><pre v-pre class=\"shiki shiki-themes one-light one-dark-pro vp-code\"><code><span class=\"line\"><span style=\"--shiki-light:#4078F2;--shiki-dark:#61AFEF\">$</span><span style=\"--shiki-light:#50A14F;--shiki-dark:#98C379\"> git</span><span style=\"--shiki-light:#50A14F;--shiki-dark:#98C379\"> diff</span><span style=\"--shiki-light:#50A14F;--shiki-dark:#98C379\"> readme.txt</span></span>\n<span class=\"line\"><span style=\"--shiki-light:#4078F2;--shiki-dark:#61AFEF\">diff</span><span style=\"--shiki-light:#986801;--shiki-dark:#D19A66\"> --git</span><span style=\"--shiki-light:#50A14F;--shiki-dark:#98C379\"> a/readme.txt</span><span style=\"--shiki-light:#50A14F;--shiki-dark:#98C379\"> b/readme.txt</span></span>\n<span class=\"line\"><span style=\"--shiki-light:#4078F2;--shiki-dark:#61AFEF\">index</span><span style=\"--shiki-light:#50A14F;--shiki-dark:#98C379\"> 46d49bf..9247db6</span><span style=\"--shiki-light:#986801;--shiki-dark:#D19A66\"> 100644</span></span>\n<span class=\"line\"><span style=\"--shiki-light:#4078F2;--shiki-dark:#61AFEF\">---</span><span style=\"--shiki-light:#50A14F;--shiki-dark:#98C379\"> a/readme.txt</span></span>\n<span class=\"line\"><span style=\"--shiki-light:#4078F2;--shiki-dark:#61AFEF\">+++</span><span style=\"--shiki-light:#50A14F;--shiki-dark:#98C379\"> b/readme.txt</span></span>\n<span class=\"line\"><span style=\"--shiki-light:#4078F2;--shiki-dark:#61AFEF\">@@</span><span style=\"--shiki-light:#986801;--shiki-dark:#D19A66\"> -1,2</span><span style=\"--shiki-light:#50A14F;--shiki-dark:#98C379\"> +1,2</span><span style=\"--shiki-light:#50A14F;--shiki-dark:#98C379\"> @@</span></span>\n<span class=\"line\"><span style=\"--shiki-light:#4078F2;--shiki-dark:#61AFEF\">-Git</span><span style=\"--shiki-light:#50A14F;--shiki-dark:#98C379\"> is</span><span style=\"--shiki-light:#50A14F;--shiki-dark:#98C379\"> a</span><span style=\"--shiki-light:#50A14F;--shiki-dark:#98C379\"> version</span><span style=\"--shiki-light:#50A14F;--shiki-dark:#98C379\"> control</span><span style=\"--shiki-light:#50A14F;--shiki-dark:#98C379\"> system.</span></span>\n<span class=\"line\"><span style=\"--shiki-light:#4078F2;--shiki-dark:#61AFEF\">+Git</span><span style=\"--shiki-light:#50A14F;--shiki-dark:#98C379\"> is</span><span style=\"--shiki-light:#50A14F;--shiki-dark:#98C379\"> a</span><span style=\"--shiki-light:#50A14F;--shiki-dark:#98C379\"> distributed</span><span style=\"--shiki-light:#50A14F;--shiki-dark:#98C379\"> version</span><span style=\"--shiki-light:#50A14F;--shiki-dark:#98C379\"> control</span><span style=\"--shiki-light:#50A14F;--shiki-dark:#98C379\"> system.</span></span>\n<span class=\"line\"><span style=\"--shiki-light:#4078F2;--shiki-dark:#61AFEF\"> Git</span><span style=\"--shiki-light:#50A14F;--shiki-dark:#98C379\"> is</span><span style=\"--shiki-light:#50A14F;--shiki-dark:#98C379\"> free</span><span style=\"--shiki-light:#50A14F;--shiki-dark:#98C379\"> software.</span></span></code></pre>\n</div><p><code v-pre>git diff</code> 顾名思义就是查看 difference，显示的格式正是 Unix 通用的 diff 格式，可以从上面的命令输出看到，我们在第一行添加了一个 distributed 单词。</p>\n<p>知道了对 readme.txt 作了什么修改后，再把它提交到仓库就放心多了，提交修改和提交新文件是一样的两步，第一步是 <code v-pre>git add</code>:</p>\n<div class=\"language-sh\" data-highlighter=\"shiki\" data-ext=\"sh\" data-title=\"sh\" style=\"--shiki-light:#383A42;--shiki-dark:#abb2bf;--shiki-light-bg:#FAFAFA;--shiki-dark-bg:#282c34\"><pre v-pre class=\"shiki shiki-themes one-light one-dark-pro vp-code\"><code><span class=\"line\"><span style=\"--shiki-light:#4078F2;--shiki-dark:#61AFEF\">$</span><span style=\"--shiki-light:#50A14F;--shiki-dark:#98C379\"> git</span><span style=\"--shiki-light:#50A14F;--shiki-dark:#98C379\"> add</span><span style=\"--shiki-light:#50A14F;--shiki-dark:#98C379\"> readme.txt</span></span>\n<span class=\"line\"><span style=\"--shiki-light:#4078F2;--shiki-dark:#61AFEF\">--no</span><span style=\"--shiki-light:#50A14F;--shiki-dark:#98C379\"> output</span><span style=\"--shiki-light:#986801;--shiki-dark:#D19A66\"> --</span></span></code></pre>\n</div><p>同样没有任何输出。在执行第二步 <code v-pre>git commit</code> 之前，我们再运行 <code v-pre>git status</code> 看看当前仓库的状态:</p>\n<div class=\"language-sh\" data-highlighter=\"shiki\" data-ext=\"sh\" data-title=\"sh\" style=\"--shiki-light:#383A42;--shiki-dark:#abb2bf;--shiki-light-bg:#FAFAFA;--shiki-dark-bg:#282c34\"><pre v-pre class=\"shiki shiki-themes one-light one-dark-pro vp-code\"><code><span class=\"line\"><span style=\"--shiki-light:#4078F2;--shiki-dark:#61AFEF\">$</span><span style=\"--shiki-light:#50A14F;--shiki-dark:#98C379\"> git</span><span style=\"--shiki-light:#50A14F;--shiki-dark:#98C379\"> status</span></span>\n<span class=\"line\"><span style=\"--shiki-light:#4078F2;--shiki-dark:#61AFEF\">On</span><span style=\"--shiki-light:#50A14F;--shiki-dark:#98C379\"> branch</span><span style=\"--shiki-light:#50A14F;--shiki-dark:#98C379\"> master</span></span>\n<span class=\"line\"><span style=\"--shiki-light:#4078F2;--shiki-dark:#61AFEF\">Changes</span><span style=\"--shiki-light:#50A14F;--shiki-dark:#98C379\"> to</span><span style=\"--shiki-light:#50A14F;--shiki-dark:#98C379\"> be</span><span style=\"--shiki-light:#50A14F;--shiki-dark:#98C379\"> committed:</span></span>\n<span class=\"line\"><span style=\"--shiki-light:#383A42;--shiki-dark:#ABB2BF\">  (</span><span style=\"--shiki-light:#4078F2;--shiki-dark:#61AFEF\">use</span><span style=\"--shiki-light:#50A14F;--shiki-dark:#98C379\"> \"git reset HEAD &#x3C;file>...\"</span><span style=\"--shiki-light:#50A14F;--shiki-dark:#98C379\"> to</span><span style=\"--shiki-light:#50A14F;--shiki-dark:#98C379\"> unstage</span><span style=\"--shiki-light:#383A42;--shiki-dark:#ABB2BF\">)</span></span>\n<span class=\"line\"></span>\n<span class=\"line\"><span style=\"--shiki-light:#4078F2;--shiki-dark:#61AFEF\">    modified:</span><span style=\"--shiki-light:#50A14F;--shiki-dark:#98C379\">   readme.txt</span></span></code></pre>\n</div><p><code v-pre>git status</code> 告诉我们，将要被提交的修改包括 readme.txt，下一步，就可以放心地提交了:</p>\n<div class=\"language-sh\" data-highlighter=\"shiki\" data-ext=\"sh\" data-title=\"sh\" style=\"--shiki-light:#383A42;--shiki-dark:#abb2bf;--shiki-light-bg:#FAFAFA;--shiki-dark-bg:#282c34\"><pre v-pre class=\"shiki shiki-themes one-light one-dark-pro vp-code\"><code><span class=\"line\"><span style=\"--shiki-light:#4078F2;--shiki-dark:#61AFEF\">$</span><span style=\"--shiki-light:#50A14F;--shiki-dark:#98C379\"> git</span><span style=\"--shiki-light:#50A14F;--shiki-dark:#98C379\"> commit</span><span style=\"--shiki-light:#986801;--shiki-dark:#D19A66\"> -m</span><span style=\"--shiki-light:#50A14F;--shiki-dark:#98C379\"> \"add distributed\"</span></span>\n<span class=\"line\"><span style=\"--shiki-light:#383A42;--shiki-dark:#ABB2BF\">[master e475afc] add distributed</span></span>\n<span class=\"line\"><span style=\"--shiki-light:#4078F2;--shiki-dark:#61AFEF\"> 1</span><span style=\"--shiki-light:#50A14F;--shiki-dark:#98C379\"> file</span><span style=\"--shiki-light:#50A14F;--shiki-dark:#98C379\"> changed,</span><span style=\"--shiki-light:#986801;--shiki-dark:#D19A66\"> 1</span><span style=\"--shiki-light:#50A14F;--shiki-dark:#98C379\"> insertion</span><span style=\"--shiki-light:#383A42;--shiki-dark:#ABB2BF\">(</span><span style=\"--shiki-light:#4078F2;--shiki-dark:#61AFEF\">+</span><span style=\"--shiki-light:#383A42;--shiki-dark:#ABB2BF\">)</span><span style=\"--shiki-light:#50A14F;--shiki-dark:#98C379\">,</span><span style=\"--shiki-light:#986801;--shiki-dark:#D19A66\"> 1</span><span style=\"--shiki-light:#50A14F;--shiki-dark:#98C379\"> deletion</span><span style=\"--shiki-light:#383A42;--shiki-dark:#ABB2BF\">(</span><span style=\"--shiki-light:#4078F2;--shiki-dark:#61AFEF\">-</span><span style=\"--shiki-light:#383A42;--shiki-dark:#ABB2BF\">)</span></span></code></pre>\n</div><p>提交后，我们再用 <code v-pre>git status</code> 命令看看仓库的当前状态:</p>\n<div class=\"language-sh\" data-highlighter=\"shiki\" data-ext=\"sh\" data-title=\"sh\" style=\"--shiki-light:#383A42;--shiki-dark:#abb2bf;--shiki-light-bg:#FAFAFA;--shiki-dark-bg:#282c34\"><pre v-pre class=\"shiki shiki-themes one-light one-dark-pro vp-code\"><code><span class=\"line\"><span style=\"--shiki-light:#4078F2;--shiki-dark:#61AFEF\">$</span><span style=\"--shiki-light:#50A14F;--shiki-dark:#98C379\"> git</span><span style=\"--shiki-light:#50A14F;--shiki-dark:#98C379\"> status</span></span>\n<span class=\"line\"><span style=\"--shiki-light:#4078F2;--shiki-dark:#61AFEF\">On</span><span style=\"--shiki-light:#50A14F;--shiki-dark:#98C379\"> branch</span><span style=\"--shiki-light:#50A14F;--shiki-dark:#98C379\"> master</span></span>\n<span class=\"line\"><span style=\"--shiki-light:#4078F2;--shiki-dark:#61AFEF\">nothing</span><span style=\"--shiki-light:#50A14F;--shiki-dark:#98C379\"> to</span><span style=\"--shiki-light:#50A14F;--shiki-dark:#98C379\"> commit,</span><span style=\"--shiki-light:#50A14F;--shiki-dark:#98C379\"> working</span><span style=\"--shiki-light:#50A14F;--shiki-dark:#98C379\"> tree</span><span style=\"--shiki-light:#50A14F;--shiki-dark:#98C379\"> clean</span></span></code></pre>\n</div><p>Git 告诉我们当前没有需要提交的修改，而且，工作目录是干净(working tree clean)的。</p>\n<h2 id=\"小结\" tabindex=\"-1\"><a class=\"header-anchor\" href=\"#小结\"><span>小结</span></a></h2>\n<ul>\n<li>\n<p>要随时掌握工作区的状态，使用 <code v-pre>git status</code> 命令。</p>\n</li>\n<li>\n<p>如果 <code v-pre>git status</code> 告诉您有文件被修改过，用 <code v-pre>git diff</code> 可以查看修改内容。</p>\n</li>\n</ul>\n","tagOpen":"<template>","tagClose":"</template>"},"script":null,"scriptSetup":null,"scripts":[],"styles":[],"customBlocks":[]},"content":"\n我们已经成功地添加并提交了一个 readme.txt 文件，继续修改 readme.txt 文件，改成如下内容:\n\n```md\nGit is a distributed version control system.\nGit is free software.\n```\n\n现在，运行 `git status` 命令看看结果:\n\n```sh\n$ git status\nOn branch master\nChanges not staged for commit:\n  (use \"git add <file>...\" to update what will be committed)\n  (use \"git checkout -- <file>...\" to discard changes in working directory)\n\n    modified:   readme.txt\n\nno changes added to commit (use \"git add\" and/or \"git commit -a\")\n```\n\n`git status` 命令可以输出仓库当前的状态，上面的命令输出告诉我们，readme.txt 被修改过了，但还没有准备提交的修改。\n\n:::: tip 简介输出\n\n`git status` 命令的输出十分详细，但其用语有些繁琐。Git 有一个选项可以帮您缩短状态命令的输出，这样可以以简洁的方式查看更改。如果您使用 `git status -s` 命令或 `git status --short` 命令，您将得到一种格式更为紧凑的输出。\n\n输出中有两栏，左栏指明了暂存区的状态，右栏指明了工作区的状态。\n\n新添加的未跟踪文件前面有 `??` 标记，新添加到暂存区中的文件前面有 `A` 标记，修改过的文件前面有 `M` 标记。\n\n::: details 案例\n\n```sh\n$ git status -s\n M README\nMM Rakefile\nA  lib/git.rb\nM  lib/simplegit.rb\n?? LICENSE.txt\n```\n\n上面的状态报告显示: `README` 文件在工作区已修改但尚未暂存，而 `lib/simplegit.rb` 文件已修改且已暂存。`Rakefile` 文件已修改，暂存后又作了修改，因此该文件的修改中既有已暂存的部分，又有未暂存的部分。\n\n:::\n\n::::\n\nGit 现在只告诉我们 readme.txt 被修改了，我们用 `git diff` 这个命令能看看具体修改了什么内容:\n\n```sh\n$ git diff readme.txt\ndiff --git a/readme.txt b/readme.txt\nindex 46d49bf..9247db6 100644\n--- a/readme.txt\n+++ b/readme.txt\n@@ -1,2 +1,2 @@\n-Git is a version control system.\n+Git is a distributed version control system.\n Git is free software.\n```\n\n`git diff` 顾名思义就是查看 difference，显示的格式正是 Unix 通用的 diff 格式，可以从上面的命令输出看到，我们在第一行添加了一个 distributed 单词。\n\n知道了对 readme.txt 作了什么修改后，再把它提交到仓库就放心多了，提交修改和提交新文件是一样的两步，第一步是 `git add`:\n\n```sh\n$ git add readme.txt\n--no output --\n```\n\n同样没有任何输出。在执行第二步 `git commit` 之前，我们再运行 `git status` 看看当前仓库的状态:\n\n```sh\n$ git status\nOn branch master\nChanges to be committed:\n  (use \"git reset HEAD <file>...\" to unstage)\n\n    modified:   readme.txt\n```\n\n`git status` 告诉我们，将要被提交的修改包括 readme.txt，下一步，就可以放心地提交了:\n\n```sh\n$ git commit -m \"add distributed\"\n[master e475afc] add distributed\n 1 file changed, 1 insertion(+), 1 deletion(-)\n```\n\n提交后，我们再用 `git status` 命令看看仓库的当前状态:\n\n```sh\n$ git status\nOn branch master\nnothing to commit, working tree clean\n```\n\nGit 告诉我们当前没有需要提交的修改，而且，工作目录是干净(working tree clean)的。\n\n## 小结\n\n- 要随时掌握工作区的状态，使用 `git status` 命令。\n\n- 如果 `git status` 告诉您有文件被修改过，用 `git diff` 可以查看修改内容。\n","excerpt":"","title":"","headers":[{"level":2,"title":"小结","slug":"小结","link":"#小结","children":[]}]}}
